C:/Users/krill/Desktop/space_invader_VEmb-main/Core/Src/main.c:1063:13:SPI5_Write	16	static
C:/Users/krill/Desktop/space_invader_VEmb-main/Core/Src/main.c:172:10:ReadJoystickX	8	static
C:/Users/krill/Desktop/space_invader_VEmb-main/Core/Src/main.c:180:10:ReadJoystickY	8	static
C:/Users/krill/Desktop/space_invader_VEmb-main/Core/Src/main.c:1166:6:StartDefaultTask	32	static
C:/Users/krill/Desktop/space_invader_VEmb-main/Core/Src/main.c:312:6:SystemClock_Config	96	static
C:/Users/krill/Desktop/space_invader_VEmb-main/Core/Src/main.c:202:5:main	112	static
C:/Users/krill/Desktop/space_invader_VEmb-main/Core/Src/main.c:919:6:IOE_Init	0	static
C:/Users/krill/Desktop/space_invader_VEmb-main/Core/Src/main.c:927:6:IOE_ITConfig	0	static
C:/Users/krill/Desktop/space_invader_VEmb-main/Core/Src/main.c:938:6:IOE_Write	32	static
C:/Users/krill/Desktop/space_invader_VEmb-main/Core/Src/main.c:948:9:IOE_Read	32	static
C:/Users/krill/Desktop/space_invader_VEmb-main/Core/Src/main.c:960:10:IOE_ReadMultiple	24	static
C:/Users/krill/Desktop/space_invader_VEmb-main/Core/Src/main.c:969:6:IOE_Delay	0	static
C:/Users/krill/Desktop/space_invader_VEmb-main/Core/Src/main.c:1085:6:LCD_IO_Init	8	static
C:/Users/krill/Desktop/space_invader_VEmb-main/Core/Src/main.c:1094:6:LCD_IO_WriteData	8	static
C:/Users/krill/Desktop/space_invader_VEmb-main/Core/Src/main.c:1109:6:LCD_IO_WriteReg	8	static
C:/Users/krill/Desktop/space_invader_VEmb-main/Core/Src/main.c:1127:10:LCD_IO_ReadData	24	static
C:/Users/krill/Desktop/space_invader_VEmb-main/Core/Src/main.c:1153:6:LCD_Delay	0	static
C:/Users/krill/Desktop/space_invader_VEmb-main/Core/Src/main.c:1215:6:HAL_TIM_PeriodElapsedCallback	0	static
C:/Users/krill/Desktop/space_invader_VEmb-main/Core/Src/main.c:1233:6:Error_Handler	0	static
