Archive member included to satisfy reference by file (symbol)

../../Middlewares/ST/touchgfx/lib/core/cortex_m4f/gcc\libtouchgfx-float-abi-hard.a(Container.o)
                              ./Application/User/generated/CustomContainer1Base.o (touchgfx::Container::contains(touchgfx::Drawable const&))
../../Middlewares/ST/touchgfx/lib/core/cortex_m4f/gcc\libtouchgfx-float-abi-hard.a(HAL.o)
                              ./Application/User/generated/FrontendApplicationBase.o (touchgfx::HAL::USE_ANIMATION_STORAGE)
../../Middlewares/ST/touchgfx/lib/core/cortex_m4f/gcc\libtouchgfx-float-abi-hard.a(DMA.o)
                              ../../Middlewares/ST/touchgfx/lib/core/cortex_m4f/gcc\libtouchgfx-float-abi-hard.a(HAL.o) (touchgfx::DMA_Interface::isDmaQueueEmpty())
../../Middlewares/ST/touchgfx/lib/core/cortex_m4f/gcc\libtouchgfx-float-abi-hard.a(SnapshotWidget.o)
                              ./Application/User/generated/FrontendApplicationBase.o (touchgfx::SnapshotWidget::makeSnapshot())
../../Middlewares/ST/touchgfx/lib/core/cortex_m4f/gcc\libtouchgfx-float-abi-hard.a(AnimatedImage.o)
                              ./Application/User/generated/GameScreenViewBase.o (touchgfx::AnimatedImage::setBitmaps(unsigned short, unsigned short))
../../Middlewares/ST/touchgfx/lib/core/cortex_m4f/gcc\libtouchgfx-float-abi-hard.a(TextArea.o)
                              ./Application/User/generated/GameScreenViewBase.o (touchgfx::TextArea::getAlignment() const)
../../Middlewares/ST/touchgfx/lib/core/cortex_m4f/gcc\libtouchgfx-float-abi-hard.a(Box.o)
                              ./Application/User/generated/GameScreenViewBase.o (vtable for touchgfx::Box)
../../Middlewares/ST/touchgfx/lib/core/cortex_m4f/gcc\libtouchgfx-float-abi-hard.a(Button.o)
                              ./Application/User/generated/GameScreenViewBase.o (touchgfx::Button::setBitmaps(touchgfx::Bitmap const&, touchgfx::Bitmap const&))
../../Middlewares/ST/touchgfx/lib/core/cortex_m4f/gcc\libtouchgfx-float-abi-hard.a(TextAreaWithWildcard.o)
                              ./Application/User/generated/GameScreenViewBase.o (touchgfx::TextAreaWithWildcardBase::draw(touchgfx::Rect const&) const)
../../Middlewares/ST/touchgfx/lib/core/cortex_m4f/gcc\libtouchgfx-float-abi-hard.a(Image.o)
                              ./Application/User/generated/GameScreenViewBase.o (touchgfx::Image::setBitmap(touchgfx::Bitmap const&))
../../Middlewares/ST/touchgfx/lib/core/cortex_m4f/gcc\libtouchgfx-float-abi-hard.a(ButtonWithLabel.o)
                              ./Application/User/generated/GameScreenViewBase.o (touchgfx::ButtonWithLabel::ButtonWithLabel())
../../Middlewares/ST/touchgfx/lib/core/cortex_m4f/gcc\libtouchgfx-float-abi-hard.a(LCD.o)
                              ../../Middlewares/ST/touchgfx/lib/core/cortex_m4f/gcc\libtouchgfx-float-abi-hard.a(TextArea.o) (touchgfx::LCD::stringWidth(touchgfx::TextProvider&, touchgfx::Font const&, int, unsigned char))
../../Middlewares/ST/touchgfx/lib/core/cortex_m4f/gcc\libtouchgfx-float-abi-hard.a(TouchCalibration.o)
                              ../../Middlewares/ST/touchgfx/lib/core/cortex_m4f/gcc\libtouchgfx-float-abi-hard.a(HAL.o) (touchgfx::TouchCalibration::translatePoint(touchgfx::Point&))
../../Middlewares/ST/touchgfx/lib/core/cortex_m4f/gcc\libtouchgfx-float-abi-hard.a(DisplayTransformation.o)
                              ../../Middlewares/ST/touchgfx/lib/core/cortex_m4f/gcc\libtouchgfx-float-abi-hard.a(HAL.o) (touchgfx::DisplayTransformation::transformFrameBufferToDisplay(short&, short&))
../../Middlewares/ST/touchgfx/lib/core/cortex_m4f/gcc\libtouchgfx-float-abi-hard.a(Application.o)
                              ./Application/User/generated/FrontendApplicationBase.o (touchgfx::Application::requestRedraw())
../../Middlewares/ST/touchgfx/lib/core/cortex_m4f/gcc\libtouchgfx-float-abi-hard.a(TypedText.o)
                              ./Application/User/generated/FontCache.o (touchgfx::TypedText::numberOfTypedTexts)
../../Middlewares/ST/touchgfx/lib/core/cortex_m4f/gcc\libtouchgfx-float-abi-hard.a(Font.o)
                              ./Application/User/generated/Texts.o (touchgfx::Font::getStringWidthLTR(unsigned char, unsigned short const*, std::__va_list) const)
../../Middlewares/ST/touchgfx/lib/core/cortex_m4f/gcc\libtouchgfx-float-abi-hard.a(Drawable.o)
                              ./Application/User/generated/CustomContainer1Base.o (touchgfx::Drawable::invalidate() const)
../../Middlewares/ST/touchgfx/lib/core/cortex_m4f/gcc\libtouchgfx-float-abi-hard.a(ConstFont.o)
                              ./Application/User/generated/GeneratedFont.o (touchgfx::ConstFont::ConstFont(touchgfx::GlyphNode const*, unsigned short, unsigned short, unsigned short, unsigned char, unsigned char, unsigned char, unsigned char, unsigned char, unsigned char, unsigned short, unsigned short))
../../Middlewares/ST/touchgfx/lib/core/cortex_m4f/gcc\libtouchgfx-float-abi-hard.a(Utils.o)
[...]
Memory Configuration

Name             Origin             Length             Attributes
CCMRAM           0x10000000         0x00010000         xrw
RAM              0x20000000         0x00030000         xrw
FLASH            0x08000000         0x00200000         xr
SDRAM            0xd0000000         0x00800000         xrw
*default*        0x00000000         0xffffffff

Linker script and memory map

LOAD C:/ST/STM32CubeIDE_2.1.0/STM32CubeIDE/plugins/com.st.stm32cube.ide.mcu.externaltools.gnu-tools-for-stm32.14.3.rel1.win32_1.0.100.202602081740/tools/bin/../lib/gcc/arm-none-eabi/14.3.1/thumb/v7e-m+fp/hard/crti.o
LOAD C:/ST/STM32CubeIDE_2.1.0/STM32CubeIDE/plugins/com.st.stm32cube.ide.mcu.externaltools.gnu-tools-for-stm32.14.3.rel1.win32_1.0.100.202602081740/tools/bin/../lib/gcc/arm-none-eabi/14.3.1/thumb/v7e-m+fp/hard/crtbegin.o
LOAD C:/ST/STM32CubeIDE_2.1.0/STM32CubeIDE/plugins/com.st.stm32cube.ide.mcu.externaltools.gnu-tools-for-stm32.14.3.rel1.win32_1.0.100.202602081740/tools/bin/../lib/gcc/arm-none-eabi/14.3.1/../../../../arm-none-eabi/lib/thumb/v7e-m+fp/hard/crt0.o
LOAD ./Application/Startup/startup_stm32f429zitx.o
LOAD ./Application/User/freertos.o
LOAD ./Application/User/main.o
LOAD ./Application/User/stm32f4xx_hal_msp.o
LOAD ./Application/User/stm32f4xx_hal_timebase_tim.o
LOAD ./Application/User/stm32f4xx_it.o
LOAD ./Application/User/syscalls.o
LOAD ./Application/User/sysmem.o
LOAD ./Application/User/generated/ApplicationFontProvider.o
LOAD ./Application/User/generated/BitmapDatabase.o
LOAD ./Application/User/generated/CachedFont.o
LOAD ./Application/User/generated/CompressedFontCache.o
LOAD ./Application/User/generated/CompressedUnmappedFontCache.o
LOAD ./Application/User/generated/CustomContainer1Base.o
LOAD ./Application/User/generated/FontCache.o
LOAD ./Application/User/generated/Font_verdana_10_4bpp_0.o
LOAD ./Application/User/generated/Font_verdana_24_4bpp_0.o
LOAD ./Application/User/generated/Font_verdana_40_4bpp_0.o
LOAD ./Application/User/generated/FrontendApplicationBase.o
LOAD ./Application/User/generated/GameScreenViewBase.o
LOAD ./Application/User/generated/GeneratedFont.o
LOAD ./Application/User/generated/Kerning_verdana_10_4bpp.o
LOAD ./Application/User/generated/Kerning_verdana_24_4bpp.o
LOAD ./Application/User/generated/Kerning_verdana_40_4bpp.o
LOAD ./Application/User/generated/LanguageGb.o
LOAD ./Application/User/generated/MenuScreenViewBase.o
LOAD ./Application/User/generated/SVGDatabase.o
LOAD ./Application/User/generated/Table_verdana_10_4bpp.o
LOAD ./Application/User/generated/Table_verdana_24_4bpp.o
LOAD ./Application/User/generated/Table_verdana_40_4bpp.o
LOAD ./Application/User/generated/Texts.o
LOAD ./Application/User/generated/TypedTextDatabase.o
LOAD ./Application/User/generated/UnmappedDataFont.o
LOAD ./Application/User/generated/VectorFontRendererBuffers.o
LOAD ./Application/User/generated/image_Dark_Buttons_Square_small.o
LOAD ./Application/User/generated/image_Dark_Buttons_Square_small_pressed.o
LOAD ./Application/User/generated/image_alternate_theme_images_backgrounds_240x320_puzzle.o
LOAD ./Application/User/generated/image_bullet-double.o
LOAD ./Application/User/generated/image_enemy-bullet-green.o
LOAD ./Application/User/generated/image_enemy-bullet-red.o
LOAD ./Application/User/generated/image_enemy-bullet-yellow.o
LOAD ./Application/User/generated/image_enemy-green-01.o
LOAD ./Application/User/generated/image_enemy-green-02.o
LOAD ./Application/User/generated/image_enemy-red-01.o
LOAD ./Application/User/generated/image_enemy-red-02.o
LOAD ./Application/User/generated/image_enemy-yellow-01.o
LOAD ./Application/User/generated/image_enemy-yellow-02.o
LOAD ./Application/User/generated/image_heart.o
LOAD ./Application/User/generated/image_ship-left.o
LOAD ./Application/User/generated/image_ship-main.o
LOAD ./Application/User/generated/image_ship-right.o
LOAD ./Application/User/generated/image_title.o
LOAD ./Application/User/gui/CustomContainer1.o
LOAD ./Application/User/gui/FrontendApplication.o
LOAD ./Application/User/gui/GameScreenPresenter.o
LOAD ./Application/User/gui/GameScreenView.o
LOAD ./Application/User/gui/MenuScreenPresenter.o
LOAD ./Application/User/gui/MenuScreenView.o
LOAD ./Application/User/gui/Model.o
LOAD ./Application/User/src/Bullet.o
LOAD ./Application/User/src/Enemy.o
LOAD ./Application/User/src/Entity.o
LOAD ./Application/User/src/Game.o
LOAD ./Application/User/src/Ship.o
LOAD ./Application/User/src/app.o
LOAD ./Drivers/BSP/Components/ili9341.o
LOAD ./Drivers/BSP/Components/stmpe811.o
LOAD ./Drivers/CMSIS/system_stm32f4xx.o
LOAD ./Drivers/STM32F4xx_HAL_Driver/stm32f4xx_hal.o
LOAD ./Drivers/STM32F4xx_HAL_Driver/stm32f4xx_hal_adc.o
LOAD ./Drivers/STM32F4xx_HAL_Driver/stm32f4xx_hal_adc_ex.o
LOAD ./Drivers/STM32F4xx_HAL_Driver/stm32f4xx_hal_cortex.o
LOAD ./Drivers/STM32F4xx_HAL_Driver/stm32f4xx_hal_crc.o
LOAD ./Drivers/STM32F4xx_HAL_Driver/stm32f4xx_hal_dma.o
LOAD ./Drivers/STM32F4xx_HAL_Driver/stm32f4xx_hal_dma2d.o
LOAD ./Drivers/STM32F4xx_HAL_Driver/stm32f4xx_hal_dma_ex.o
LOAD ./Drivers/STM32F4xx_HAL_Driver/stm32f4xx_hal_dsi.o
LOAD ./Drivers/STM32F4xx_HAL_Driver/stm32f4xx_hal_exti.o
LOAD ./Drivers/STM32F4xx_HAL_Driver/stm32f4xx_hal_flash.o
LOAD ./Drivers/STM32F4xx_HAL_Driver/stm32f4xx_hal_flash_ex.o
LOAD ./Drivers/STM32F4xx_HAL_Driver/stm32f4xx_hal_flash_ramfunc.o
LOAD ./Drivers/STM32F4xx_HAL_Driver/stm32f4xx_hal_gpio.o
LOAD ./Drivers/STM32F4xx_HAL_Driver/stm32f4xx_hal_i2c.o
LOAD ./Drivers/STM32F4xx_HAL_Driver/stm32f4xx_hal_i2c_ex.o
LOAD ./Drivers/STM32F4xx_HAL_Driver/stm32f4xx_hal_ltdc.o
LOAD ./Drivers/STM32F4xx_HAL_Driver/stm32f4xx_hal_ltdc_ex.o
LOAD ./Drivers/STM32F4xx_HAL_Driver/stm32f4xx_hal_nand.o
LOAD ./Drivers/STM32F4xx_HAL_Driver/stm32f4xx_hal_nor.o
LOAD ./Drivers/STM32F4xx_HAL_Driver/stm32f4xx_hal_pccard.o
LOAD ./Drivers/STM32F4xx_HAL_Driver/stm32f4xx_hal_pwr.o
LOAD ./Drivers/STM32F4xx_HAL_Driver/stm32f4xx_hal_pwr_ex.o
LOAD ./Drivers/STM32F4xx_HAL_Driver/stm32f4xx_hal_rcc.o
LOAD ./Drivers/STM32F4xx_HAL_Driver/stm32f4xx_hal_rcc_ex.o
LOAD ./Drivers/STM32F4xx_HAL_Driver/stm32f4xx_hal_rng.o
LOAD ./Drivers/STM32F4xx_HAL_Driver/stm32f4xx_hal_sdram.o
LOAD ./Drivers/STM32F4xx_HAL_Driver/stm32f4xx_hal_spi.o
LOAD ./Drivers/STM32F4xx_HAL_Driver/stm32f4xx_hal_sram.o
LOAD ./Drivers/STM32F4xx_HAL_Driver/stm32f4xx_hal_tim.o
LOAD ./Drivers/STM32F4xx_HAL_Driver/stm32f4xx_hal_tim_ex.o
LOAD ./Drivers/STM32F4xx_HAL_Driver/stm32f4xx_ll_fmc.o
LOAD ./Middlewares/FreeRTOS/cmsis_os2.o
LOAD ./Middlewares/FreeRTOS/croutine.o
LOAD ./Middlewares/FreeRTOS/event_groups.o
LOAD ./Middlewares/FreeRTOS/heap_4.o
LOAD ./Middlewares/FreeRTOS/list.o
LOAD ./Middlewares/FreeRTOS/port.o
LOAD ./Middlewares/FreeRTOS/queue.o
LOAD ./Middlewares/FreeRTOS/stream_buffer.o
LOAD ./Middlewares/FreeRTOS/tasks.o
LOAD ./Middlewares/FreeRTOS/timers.o
LOAD ../../Middlewares/ST/touchgfx/lib/core/cortex_m4f/gcc\libtouchgfx-float-abi-hard.a
START GROUP
LOAD C:/ST/STM32CubeIDE_2.1.0/STM32CubeIDE/plugins/com.st.stm32cube.ide.mcu.externaltools.gnu-tools-for-stm32.14.3.rel1.win32_1.0.100.202602081740/tools/bin/../lib/gcc/arm-none-eabi/14.3.1/../../../../arm-none-eabi/lib/thumb/v7e-m+fp/hard\libstdc++_nano.a
LOAD C:/ST/STM32CubeIDE_2.1.0/STM32CubeIDE/plugins/com.st.stm32cube.ide.mcu.externaltools.gnu-tools-for-stm32.14.3.rel1.win32_1.0.100.202602081740/tools/bin/../lib/gcc/arm-none-eabi/14.3.1/../../../../arm-none-eabi/lib/thumb/v7e-m+fp/hard\libsupc++_nano.a
END GROUP
LOAD C:/ST/STM32CubeIDE_2.1.0/STM32CubeIDE/plugins/com.st.stm32cube.ide.mcu.externaltools.gnu-tools-for-stm32.14.3.rel1.win32_1.0.100.202602081740/tools/bin/../lib/gcc/arm-none-eabi/14.3.1/../../../../arm-none-eabi/lib/thumb/v7e-m+fp/hard\libstdc++_nano.a
LOAD C:/ST/STM32CubeIDE_2.1.0/STM32CubeIDE/plugins/com.st.stm32cube.ide.mcu.externaltools.gnu-tools-for-stm32.14.3.rel1.win32_1.0.100.202602081740/tools/bin/../lib/gcc/arm-none-eabi/14.3.1/../../../../arm-none-eabi/lib/thumb/v7e-m+fp/hard\libm.a
LOAD C:/ST/STM32CubeIDE_2.1.0/STM32CubeIDE/plugins/com.st.stm32cube.ide.mcu.externaltools.gnu-tools-for-stm32.14.3.rel1.win32_1.0.100.202602081740/tools/bin/../lib/gcc/arm-none-eabi/14.3.1/../../../../arm-none-eabi/lib/thumb/v7e-m+fp/hard\libc_nano.a
START GROUP
LOAD C:/ST/STM32CubeIDE_2.1.0/STM32CubeIDE/plugins/com.st.stm32cube.ide.mcu.externaltools.gnu-tools-for-stm32.14.3.rel1.win32_1.0.100.202602081740/tools/bin/../lib/gcc/arm-none-eabi/14.3.1/thumb/v7e-m+fp/hard\libgcc.a
LOAD C:/ST/STM32CubeIDE_2.1.0/STM32CubeIDE/plugins/com.st.stm32cube.ide.mcu.externaltools.gnu-tools-for-stm32.14.3.rel1.win32_1.0.100.202602081740/tools/bin/../lib/gcc/arm-none-eabi/14.3.1/../../../../arm-none-eabi/lib/thumb/v7e-m+fp/hard\libc_nano.a
END GROUP
START GROUP
LOAD C:/ST/STM32CubeIDE_2.1.0/STM32CubeIDE/plugins/com.st.stm32cube.ide.mcu.externaltools.gnu-tools-for-stm32.14.3.rel1.win32_1.0.100.202602081740/tools/bin/../lib/gcc/arm-none-eabi/14.3.1/thumb/v7e-m+fp/hard\libgcc.a
LOAD C:/ST/STM32CubeIDE_2.1.0/STM32CubeIDE/plugins/com.st.stm32cube.ide.mcu.externaltools.gnu-tools-for-stm32.14.3.rel1.win32_1.0.100.202602081740/tools/bin/../lib/gcc/arm-none-eabi/14.3.1/../../../../arm-none-eabi/lib/thumb/v7e-m+fp/hard\libc_nano.a
LOAD C:/ST/STM32CubeIDE_2.1.0/STM32CubeIDE/plugins/com.st.stm32cube.ide.mcu.externaltools.gnu-tools-for-stm32.14.3.rel1.win32_1.0.100.202602081740/tools/bin/../lib/gcc/arm-none-eabi/14.3.1/../../../../arm-none-eabi/lib/thumb/v7e-m+fp/hard\libnosys.a
END GROUP
START GROUP
LOAD C:/ST/STM32CubeIDE_2.1.0/STM32CubeIDE/plugins/com.st.stm32cube.ide.mcu.externaltools.gnu-tools-for-stm32.14.3.rel1.win32_1.0.100.202602081740/tools/bin/../lib/gcc/arm-none-eabi/14.3.1/thumb/v7e-m+fp/hard\libgcc.a
LOAD C:/ST/STM32CubeIDE_2.1.0/STM32CubeIDE/plugins/com.st.stm32cube.ide.mcu.externaltools.gnu-tools-for-stm32.14.3.rel1.win32_1.0.100.202602081740/tools/bin/../lib/gcc/arm-none-eabi/14.3.1/../../../../arm-none-eabi/lib/thumb/v7e-m+fp/hard\libc_nano.a
LOAD C:/ST/STM32CubeIDE_2.1.0/STM32CubeIDE/plugins/com.st.stm32cube.ide.mcu.externaltools.gnu-tools-for-stm32.14.3.rel1.win32_1.0.100.202602081740/tools/bin/../lib/gcc/arm-none-eabi/14.3.1/../../../../arm-none-eabi/lib/thumb/v7e-m+fp/hard\libnosys.a
END GROUP
LOAD C:/ST/STM32CubeIDE_2.1.0/STM32CubeIDE/plugins/com.st.stm32cube.ide.mcu.externaltools.gnu-tools-for-stm32.14.3.rel1.win32_1.0.100.202602081740/tools/bin/../lib/gcc/arm-none-eabi/14.3.1/thumb/v7e-m+fp/hard/crtend.o
LOAD C:/ST/STM32CubeIDE_2.1.0/STM32CubeIDE/plugins/com.st.stm32cube.ide.mcu.externaltools.gnu-tools-for-stm32.14.3.rel1.win32_1.0.100.202602081740/tools/bin/../lib/gcc/arm-none-eabi/14.3.1/thumb/v7e-m+fp/hard/crtn.o
                0x20030000                        _estack = (ORIGIN (RAM) + LENGTH (RAM))
                0x00000a00                        _Min_Heap_Size = 0xa00
                0x00000a00                        _Min_Stack_Size = 0xa00

.isr_vector     0x08000000      0x1ac
                0x08000000                        . = ALIGN (0x4)
 *(.isr_vector)
 .isr_vector    0x08000000      0x1ac ./Application/Startup/startup_stm32f429zitx.o
                0x08000000                g_pfnVectors
                0x080001ac                        . = ALIGN (0x4)

.text           0x080001b0     0x76d8
                0x080001b0                        . = ALIGN (0x4)
 *(.text)
 .text          0x080001b0       0x40 C:/ST/STM32CubeIDE_2.1.0/STM32CubeIDE/plugins/com.st.stm32cube.ide.mcu.externaltools.gnu-tools-for-stm32.14.3.rel1.win32_1.0.100.202602081740/tools/bin/../lib/gcc/arm-none-eabi/14.3.1/thumb/v7e-m+fp/hard/crtbegin.o
 .text          0x080001f0       0xa0 C:/ST/STM32CubeIDE_2.1.0/STM32CubeIDE/plugins/com.st.stm32cube.ide.mcu.externaltools.gnu-tools-for-stm32.14.3.rel1.win32_1.0.100.202602081740/tools/bin/../lib/gcc/arm-none-eabi/14.3.1/../../../../arm-none-eabi/lib/thumb/v7e-m+fp/hard\libc_nano.a(libc_a-memchr.o)
                0x080001f0                memchr
 .text          0x08000290       0x30 C:/ST/STM32CubeIDE_2.1.0/STM32CubeIDE/plugins/com.st.stm32cube.ide.mcu.externaltools.gnu-tools-for-stm32.14.3.rel1.win32_1.0.100.202602081740/tools/bin/../lib/gcc/arm-none-eabi/14.3.1/thumb/v7e-m+fp/hard\libgcc.a(_aeabi_uldivmod.o)
                0x08000290                __aeabi_uldivmod
 .text          0x080002c0      0x2f8 C:/ST/STM32CubeIDE_2.1.0/STM32CubeIDE/plugins/com.st.stm32cube.ide.mcu.externaltools.gnu-tools-for-stm32.14.3.rel1.win32_1.0.100.202602081740/tools/bin/../lib/gcc/arm-none-eabi/14.3.1/thumb/v7e-m+fp/hard\libgcc.a(_udivmoddi4.o)
                0x080002c0                __udivmoddi4
 .text          0x080005b8        0x4 C:/ST/STM32CubeIDE_2.1.0/STM32CubeIDE/plugins/com.st.stm32cube.ide.mcu.externaltools.gnu-tools-for-stm32.14.3.rel1.win32_1.0.100.202602081740/tools/bin/../lib/gcc/arm-none-eabi/14.3.1/thumb/v7e-m+fp/hard\libgcc.a(_dvmd_tls.o)
                0x080005b8                __aeabi_idiv0
                0x080005b8                __aeabi_ldiv0
 *(.text*)
 .text.Reset_Handler
                0x080005bc       0x50 ./Application/Startup/startup_stm32f429zitx.o
                0x080005bc                Reset_Handler
 .text.Default_Handler
                0x0800060c        0x2 ./Application/Startup/startup_stm32f429zitx.o
                0x0800060c                RTC_Alarm_IRQHandler
                0x0800060c                HASH_RNG_IRQHandler
                0x0800060c                EXTI2_IRQHandler
                0x0800060c                TIM8_CC_IRQHandler
                0x0800060c                UART8_IRQHandler
                0x0800060c                SPI4_IRQHandler
                0x0800060c                TIM1_CC_IRQHandler
                0x0800060c                DMA2_Stream5_IRQHandler
                0x0800060c                DMA1_Stream5_IRQHandler
                0x0800060c                PVD_IRQHandler
                0x0800060c                SDIO_IRQHandler
                0x0800060c                TAMP_STAMP_IRQHandler
                0x0800060c                CAN2_RX1_IRQHandler
                0x0800060c                EXTI3_IRQHandler
                0x0800060c                TIM8_TRG_COM_TIM14_IRQHandler
                0x0800060c                TIM1_UP_TIM10_IRQHandler
                0x0800060c                TIM8_UP_TIM13_IRQHandler
                0x0800060c                I2C3_ER_IRQHandler
                0x0800060c                EXTI0_IRQHandler
                0x0800060c                I2C2_EV_IRQHandler
                0x0800060c                DMA1_Stream2_IRQHandler
                0x0800060c                CAN1_RX0_IRQHandler
                0x0800060c                FPU_IRQHandler
                0x0800060c                OTG_HS_WKUP_IRQHandler
                0x0800060c                LTDC_ER_IRQHandler
                0x0800060c                CAN2_SCE_IRQHandler
                0x0800060c                DMA2_Stream2_IRQHandler
                0x0800060c                SPI1_IRQHandler
                0x0800060c                TIM1_BRK_TIM9_IRQHandler
                0x0800060c                DCMI_IRQHandler
                0x0800060c                CAN2_RX0_IRQHandler
                0x0800060c                DMA2_Stream3_IRQHandler
                0x0800060c                USART6_IRQHandler
                0x0800060c                USART3_IRQHandler
                0x0800060c                CAN1_RX1_IRQHandler
                0x0800060c                UART5_IRQHandler
                0x0800060c                DMA2_Stream0_IRQHandler
                0x0800060c                TIM4_IRQHandler
                0x0800060c                I2C1_EV_IRQHandler
                0x0800060c                DMA1_Stream6_IRQHandler
                0x0800060c                DMA1_Stream1_IRQHandler
                0x0800060c                UART4_IRQHandler
                0x0800060c                TIM3_IRQHandler
                0x0800060c                RCC_IRQHandler
                0x0800060c                TIM8_BRK_TIM12_IRQHandler
                0x0800060c                Default_Handler
                0x0800060c                EXTI15_10_IRQHandler
                0x0800060c                ADC_IRQHandler
                0x0800060c                DMA1_Stream7_IRQHandler
                0x0800060c                SPI5_IRQHandler
                0x0800060c                TIM7_IRQHandler
                0x0800060c                CAN2_TX_IRQHandler
                0x0800060c                TIM5_IRQHandler
                0x0800060c                DMA2_Stream7_IRQHandler
                0x0800060c                I2C3_EV_IRQHandler
                0x0800060c                EXTI9_5_IRQHandler
                0x0800060c                RTC_WKUP_IRQHandler
                0x0800060c                ETH_WKUP_IRQHandler
                0x0800060c                SPI2_IRQHandler
                0x0800060c                OTG_HS_EP1_IN_IRQHandler
                0x0800060c                DMA1_Stream0_IRQHandler
                0x0800060c                CAN1_TX_IRQHandler
                0x0800060c                EXTI4_IRQHandler
                0x0800060c                ETH_IRQHandler
                0x0800060c                OTG_HS_EP1_OUT_IRQHandler
                0x0800060c                WWDG_IRQHandler
                0x0800060c                SPI6_IRQHandler
                0x0800060c                TIM2_IRQHandler
                0x0800060c                OTG_FS_WKUP_IRQHandler
                0x0800060c                TIM1_TRG_COM_TIM11_IRQHandler
                0x0800060c                OTG_HS_IRQHandler
                0x0800060c                EXTI1_IRQHandler
                0x0800060c                UART7_IRQHandler
                0x0800060c                USART2_IRQHandler
                0x0800060c                I2C2_ER_IRQHandler
                0x0800060c                DMA2_Stream1_IRQHandler
                0x0800060c                CAN1_SCE_IRQHandler
                0x0800060c                FLASH_IRQHandler
                0x0800060c                DMA2_Stream4_IRQHandler
                0x0800060c                USART1_IRQHandler
                0x0800060c                OTG_FS_IRQHandler
                0x0800060c                SPI3_IRQHandler
                0x0800060c                DMA1_Stream4_IRQHandler
                0x0800060c                I2C1_ER_IRQHandler
                0x0800060c                FMC_IRQHandler
                0x0800060c                DMA2_Stream6_IRQHandler
                0x0800060c                SAI1_IRQHandler
                0x0800060c                DMA1_Stream3_IRQHandler
 *fill*         0x0800060e        0x2 
 .text.SPI5_Write
                0x08000610       0x24 ./Application/User/main.o
 .text.ReadJoystickX
                0x08000634       0x28 ./Application/User/main.o
                0x08000634                ReadJoystickX
 .text.ReadJoystickY
                0x0800065c       0x28 ./Application/User/main.o
                0x0800065c                ReadJoystickY
 .text.StartDefaultTask
                0x08000684       0x9c ./Application/User/main.o
                0x08000684                StartDefaultTask
 .text.SystemClock_Config
                0x08000720       0x9c ./Application/User/main.o
                0x08000720                SystemClock_Config
 .text.startup.main
                0x080007bc      0x560 ./Application/User/main.o
                0x080007bc                main
 .text.LCD_IO_Init
                0x08000d1c       0x20 ./Application/User/main.o
                0x08000d1c                LCD_IO_Init
 .text.LCD_IO_WriteData
                0x08000d3c       0x38 ./Application/User/main.o
                0x08000d3c                LCD_IO_WriteData
 .text.LCD_IO_WriteReg
                0x08000d74       0x38 ./Application/User/main.o
                0x08000d74                LCD_IO_WriteReg
 .text.LCD_IO_ReadData
                0x08000dac       0x60 ./Application/User/main.o
                0x08000dac                LCD_IO_ReadData
 .text.LCD_Delay
                0x08000e0c        0x4 ./Application/User/main.o
                0x08000e0c                LCD_Delay
 .text.HAL_TIM_PeriodElapsedCallback
                0x08000e10       0x14 ./Application/User/main.o
                0x08000e10                HAL_TIM_PeriodElapsedCallback
 .text.Error_Handler
                0x08000e24        0x2 ./Application/User/main.o
                0x08000e24                Error_Handler
 *fill*         0x08000e26        0x2 
 .text.HAL_MspInit
                0x08000e28       0x40 ./Application/User/stm32f4xx_hal_msp.o
                0x08000e28                HAL_MspInit
 .text.HAL_ADC_MspInit
                0x08000e68       0xa0 ./Application/User/stm32f4xx_hal_msp.o
                0x08000e68                HAL_ADC_MspInit
 .text.HAL_CRC_MspInit
                0x08000f08       0x30 ./Application/User/stm32f4xx_hal_msp.o
                0x08000f08                HAL_CRC_MspInit
 .text.HAL_DMA2D_MspInit
                0x08000f38       0x40 ./Application/User/stm32f4xx_hal_msp.o
                0x08000f38                HAL_DMA2D_MspInit
 .text.HAL_I2C_MspInit
                0x08000f78       0xb8 ./Application/User/stm32f4xx_hal_msp.o
                0x08000f78                HAL_I2C_MspInit
 .text.HAL_LTDC_MspInit
                0x08001030      0x1b4 ./Application/User/stm32f4xx_hal_msp.o
                0x08001030                HAL_LTDC_MspInit
 .text.HAL_RNG_MspInit
                0x080011e4       0x30 ./Application/User/stm32f4xx_hal_msp.o
                0x080011e4                HAL_RNG_MspInit
 .text.HAL_SPI_MspInit
                0x08001214       0x6c ./Application/User/stm32f4xx_hal_msp.o
                0x08001214                HAL_SPI_MspInit
 .text.HAL_SDRAM_MspInit
                0x08001280       0xd8 ./Application/User/stm32f4xx_hal_msp.o
                0x08001280                HAL_SDRAM_MspInit
 .text.HAL_InitTick
                0x08001358       0xa0 ./Application/User/stm32f4xx_hal_timebase_tim.o
                0x08001358                HAL_InitTick
 .text.NMI_Handler
                0x080013f8        0x2 ./Application/User/stm32f4xx_it.o
                0x080013f8                NMI_Handler
 .text.HardFault_Handler
                0x080013fa        0x2 ./Application/User/stm32f4xx_it.o
                0x080013fa                HardFault_Handler
 .text.MemManage_Handler
                0x080013fc        0x2 ./Application/User/stm32f4xx_it.o
                0x080013fc                MemManage_Handler
 .text.BusFault_Handler
                0x080013fe        0x2 ./Application/User/stm32f4xx_it.o
                0x080013fe                BusFault_Handler
 .text.UsageFault_Handler
                0x08001400        0x2 ./Application/User/stm32f4xx_it.o
                0x08001400                UsageFault_Handler
 .text.DebugMon_Handler
                0x08001402        0x2 ./Application/User/stm32f4xx_it.o
                0x08001402                DebugMon_Handler
 .text.TIM6_DAC_IRQHandler
                0x08001404        0xc ./Application/User/stm32f4xx_it.o
                0x08001404                TIM6_DAC_IRQHandler
 .text.LTDC_IRQHandler
                0x08001410        0xc ./Application/User/stm32f4xx_it.o
                0x08001410                LTDC_IRQHandler
 .text.DMA2D_IRQHandler
                0x0800141c        0xc ./Application/User/stm32f4xx_it.o
                0x0800141c                DMA2D_IRQHandler
 .text._getpid  0x08001428        0x4 ./Application/User/syscalls.o
                0x08001428                _getpid
 .text._kill    0x0800142c       0x10 ./Application/User/syscalls.o
                0x0800142c                _kill
 .text._exit    0x0800143c        0xc ./Application/User/syscalls.o
                0x0800143c                _exit
 .text._read    0x08001448       0x1c ./Application/User/syscalls.o
                0x08001448                _read
 .text._write   0x08001464       0x1c ./Application/User/syscalls.o
                0x08001464                _write
 .text._close   0x08001480        0x6 ./Application/User/syscalls.o
                0x08001480                _close
 .text._fstat   0x08001486        0xa ./Application/User/syscalls.o
                0x08001486                _fstat
 .text._isatty  0x08001490        0x4 ./Application/User/syscalls.o
                0x08001490                _isatty
 .text._lseek   0x08001494        0x4 ./Application/User/syscalls.o
                0x08001494                _lseek
 .text._sbrk    0x08001498       0x30 ./Application/User/sysmem.o
                0x08001498                _sbrk
 .text._ZNK8touchgfx4Font8getGlyphEt
                0x080014c8       0x20 ./Application/User/generated/CachedFont.o
                0x080014c8                touchgfx::Font::getGlyph(unsigned short) const
 .text._ZNK8touchgfx4Font15getFallbackCharEv
                0x080014e8        0x4 ./Application/User/generated/CachedFont.o
                0x080014e8                touchgfx::Font::getFallbackChar() const
 .text._ZNK8touchgfx4Font15getEllipsisCharEv
                0x080014ec        0x4 ./Application/User/generated/CachedFont.o
                0x080014ec                touchgfx::Font::getEllipsisChar() const
 .text._ZNK8touchgfx4Font11getBaselineEv
                0x080014f0        0x4 ./Application/User/generated/CachedFont.o
                0x080014f0                touchgfx::Font::getBaseline() const
 .text._ZNK8touchgfx4Font9getHeightEv
                0x080014f4        0x4 ./Application/User/generated/CachedFont.o
                0x080014f4                touchgfx::Font::getHeight() const
 .text._ZNK8touchgfx4Font15getBitsPerPixelEv
                0x080014f8        0x8 ./Application/User/generated/CachedFont.o
                0x080014f8                touchgfx::Font::getBitsPerPixel() const
 .text._ZNK8touchgfx4Font15getByteAlignRowEv
                0x08001500        0x6 ./Application/User/generated/CachedFont.o
                0x08001500                touchgfx::Font::getByteAlignRow() const
 .text._ZNK8touchgfx4Font17isVectorBasedFontEv
                0x08001506        0x4 ./Application/User/generated/CachedFont.o
                0x08001506                touchgfx::Font::isVectorBasedFont() const
 *fill*         0x0800150a        0x2 
 .text._ZNK8touchgfx4Font14getScaleFactorEv
                0x0800150c        0xc ./Application/User/generated/CachedFont.o
                0x0800150c                touchgfx::Font::getScaleFactor() const
 .text._ZNK8touchgfx13GeneratedFont12getGSUBTableEv
                0x08001518        0x4 ./Application/User/generated/GeneratedFont.o
                0x08001518                touchgfx::GeneratedFont::getGSUBTable() const
 .text._ZNK8touchgfx13GeneratedFont23getContextualFormsTableEv
                0x0800151c        0x4 ./Application/User/generated/GeneratedFont.o
                0x0800151c                touchgfx::GeneratedFont::getContextualFormsTable() const
 .text._ZN8touchgfx13GeneratedFontD2Ev
                0x08001520        0x2 ./Application/User/generated/GeneratedFont.o
                0x08001520                touchgfx::GeneratedFont::~GeneratedFont()
                0x08001520                touchgfx::GeneratedFont::~GeneratedFont()
 .text._ZNK8touchgfx13GeneratedFont12getPixelDataEPKNS_9GlyphNodeE
                0x08001522       0x1a ./Application/User/generated/GeneratedFont.o
                0x08001522                touchgfx::GeneratedFont::getPixelData(touchgfx::GlyphNode const*) const
 .text._ZNK8touchgfx13GeneratedFont10getKerningEtPKNS_9GlyphNodeE
                0x0800153c       0x3a ./Application/User/generated/GeneratedFont.o
                0x0800153c                touchgfx::GeneratedFont::getKerning(unsigned short, touchgfx::GlyphNode const*) const
 .text._ZN8touchgfx13GeneratedFontD0Ev
                0x08001576        0xe ./Application/User/generated/GeneratedFont.o
                0x08001576                touchgfx::GeneratedFont::~GeneratedFont()
 .text._ZN8touchgfx13GeneratedFontC2EPKNS_9GlyphNodeEttthhhhhhPKPKhPKNS_11KerningNodeEttPKtPKNS_24FontContextualFormsTableE
                0x08001584       0x60 ./Application/User/generated/GeneratedFont.o
                0x08001584                touchgfx::GeneratedFont::GeneratedFont(touchgfx::GlyphNode const*, unsigned short, unsigned short, unsigned short, unsigned char, unsigned char, unsigned char, unsigned char, unsigned char, unsigned char, unsigned char const* const*, touchgfx::KerningNode const*, unsigned short, unsigned short, unsigned short const*, touchgfx::FontContextualFormsTable const*)
                0x08001584                touchgfx::GeneratedFont::GeneratedFont(touchgfx::GlyphNode const*, unsigned short, unsigned short, unsigned short, unsigned char, unsigned char, unsigned char, unsigned char, unsigned char, unsigned char, unsigned char const* const*, touchgfx::KerningNode const*, unsigned short, unsigned short, unsigned short const*, touchgfx::FontContextualFormsTable const*)
 .text.__tcf_0  0x080015e4        0x2 ./Application/User/generated/Table_verdana_10_4bpp.o
 *fill*         0x080015e6        0x2 
 .text._Z23getFont_verdana_10_4bppv
                0x080015e8       0x74 ./Application/User/generated/Table_verdana_10_4bpp.o
                0x080015e8                getFont_verdana_10_4bpp()
 .text.__tcf_0  0x0800165c        0x2 ./Application/User/generated/Table_verdana_24_4bpp.o
 *fill*         0x0800165e        0x2 
 .text._Z23getFont_verdana_24_4bppv
                0x08001660       0x74 ./Application/User/generated/Table_verdana_24_4bpp.o
                0x08001660                getFont_verdana_24_4bpp()
 .text.__tcf_0  0x080016d4        0x2 ./Application/User/generated/Table_verdana_40_4bpp.o
 *fill*         0x080016d6        0x2 
 .text._Z23getFont_verdana_40_4bppv
                0x080016d8       0x74 ./Application/User/generated/Table_verdana_40_4bpp.o
                0x080016d8                getFont_verdana_40_4bpp()
 .text._ZNK8touchgfx4Font12getGSUBTableEv
                0x0800174c        0x4 ./Application/User/generated/Texts.o
                0x0800174c                touchgfx::Font::getGSUBTable() const
 .text._ZNK8touchgfx4Font23getContextualFormsTableEv
                0x08001750        0x4 ./Application/User/generated/Texts.o
                0x08001750                touchgfx::Font::getContextualFormsTable() const
 .text._ZNK8touchgfx4Font14getStringWidthEPKtz
                0x08001754       0x1c ./Application/User/generated/Texts.o
                0x08001754                touchgfx::Font::getStringWidth(unsigned short const*, ...) const
 .text._ZNK8touchgfx4Font14getStringWidthEhPKtz
                0x08001770       0x1a ./Application/User/generated/Texts.o
                0x08001770                touchgfx::Font::getStringWidth(unsigned char, unsigned short const*, ...) const
 *fill*         0x0800178a        0x2 
 .text._ZN8touchgfx12TextProvider15getNextLigatureEh
                0x0800178c       0x84 ./Application/User/generated/Texts.o
                0x0800178c                touchgfx::TextProvider::getNextLigature(unsigned char)
 .text._ZN8touchgfx12TextProvider18initializeInternalEv
                0x08001810        0x4 ./Application/User/generated/Texts.o
                0x08001810                touchgfx::TextProvider::initializeInternal()
 .text.startup._GLOBAL__sub_I_touchgfx_fonts
                0x08001814       0x1c ./Application/User/generated/TypedTextDatabase.o
 .text._ZN6BulletD2Ev
                0x08001830       0x14 ./Application/User/src/Bullet.o
                0x08001830                Bullet::~Bullet()
                0x08001830                Bullet::~Bullet()
 .text._ZN6BulletD0Ev
                0x08001844       0x14 ./Application/User/src/Bullet.o
                0x08001844                Bullet::~Bullet()
 .text._ZN6BulletC2Ev
                0x08001858       0x2c ./Application/User/src/Bullet.o
                0x08001858                Bullet::Bullet()
                0x08001858                Bullet::Bullet()
 .text._ZN5EnemyD2Ev
                0x08001884       0x14 ./Application/User/src/Enemy.o
                0x08001884                Enemy::~Enemy()
                0x08001884                Enemy::~Enemy()
 .text._ZN5EnemyD0Ev
                0x08001898       0x14 ./Application/User/src/Enemy.o
                0x08001898                Enemy::~Enemy()
 .text._ZN5EnemyC2Ev
                0x080018ac       0x34 ./Application/User/src/Enemy.o
                0x080018ac                Enemy::Enemy()
                0x080018ac                Enemy::Enemy()
 .text._ZN6EntityD2Ev
                0x080018e0        0x2 ./Application/User/src/Entity.o
                0x080018e0                Entity::~Entity()
                0x080018e0                Entity::~Entity()
 .text._ZN6Entity6updateEv
                0x080018e2        0x4 ./Application/User/src/Entity.o
                0x080018e2                Entity::update()
 .text._ZN6EntityD0Ev
                0x080018e6        0xe ./Application/User/src/Entity.o
                0x080018e6                Entity::~Entity()
 .text._ZN6EntityC2Ev
                0x080018f4       0x14 ./Application/User/src/Entity.o
                0x080018f4                Entity::Entity()
                0x080018f4                Entity::Entity()
 .text._ZN4GameC2Ev
                0x08001908       0x1c ./Application/User/src/Game.o
                0x08001908                Game::Game()
                0x08001908                Game::Game()
 .text._ZN4GameD2Ev
                0x08001924       0x18 ./Application/User/src/Game.o
                0x08001924                Game::~Game()
                0x08001924                Game::~Game()
 .text._ZN4GameD0Ev
                0x0800193c       0x14 ./Application/User/src/Game.o
                0x0800193c                Game::~Game()
 .text._ZN4ShipD2Ev
                0x08001950       0x14 ./Application/User/src/Ship.o
                0x08001950                Ship::~Ship()
                0x08001950                Ship::~Ship()
 .text._ZN4ShipD0Ev
                0x08001964       0x14 ./Application/User/src/Ship.o
                0x08001964                Ship::~Ship()
 .text._ZN4ShipC2Ev
                0x08001978       0x3c ./Application/User/src/Ship.o
                0x08001978                Ship::Ship()
                0x08001978                Ship::Ship()
 .text.startup._GLOBAL__sub_I_gameInstance
                0x080019b4       0x50 ./Application/User/src/app.o
 .text.exit._GLOBAL__sub_D_gameInstance
                0x08001a04       0x58 ./Application/User/src/app.o
 .text.ili9341_GetLcdPixelWidth
                0x08001a5c        0x4 ./Drivers/BSP/Components/ili9341.o
                0x08001a5c                ili9341_GetLcdPixelWidth
 .text.ili9341_GetLcdPixelHeight
                0x08001a60        0x6 ./Drivers/BSP/Components/ili9341.o
                0x08001a60                ili9341_GetLcdPixelHeight
 .text.ili9341_DisplayOn
                0x08001a66        0x6 ./Drivers/BSP/Components/ili9341.o
                0x08001a66                ili9341_DisplayOn
 .text.ili9341_DisplayOff
                0x08001a6c        0x6 ./Drivers/BSP/Components/ili9341.o
                0x08001a6c                ili9341_DisplayOff
 .text.ili9341_Init
                0x08001a72      0x292 ./Drivers/BSP/Components/ili9341.o
                0x08001a72                ili9341_Init
 .text.ili9341_ReadID
                0x08001d04       0x12 ./Drivers/BSP/Components/ili9341.o
                0x08001d04                ili9341_ReadID
 *fill*         0x08001d16        0x2 
 .text.SystemInit
                0x08001d18       0x1c ./Drivers/CMSIS/system_stm32f4xx.o
                0x08001d18                SystemInit
 .text.HAL_Init
                0x08001d34       0x34 ./Drivers/STM32F4xx_HAL_Driver/stm32f4xx_hal.o
                0x08001d34                HAL_Init
 .text.HAL_IncTick
                0x08001d68       0x18 ./Drivers/STM32F4xx_HAL_Driver/stm32f4xx_hal.o
                0x08001d68                HAL_IncTick
 .text.HAL_GetTick
                0x08001d80        0xc ./Drivers/STM32F4xx_HAL_Driver/stm32f4xx_hal.o
                0x08001d80                HAL_GetTick
 .text.HAL_Delay
                0x08001d8c       0x28 ./Drivers/STM32F4xx_HAL_Driver/stm32f4xx_hal.o
                0x08001d8c                HAL_Delay
 .text.HAL_ADC_Init
                0x08001db4      0x14c ./Drivers/STM32F4xx_HAL_Driver/stm32f4xx_hal_adc.o
                0x08001db4                HAL_ADC_Init
 .text.HAL_ADC_Start
                0x08001f00       0xfc ./Drivers/STM32F4xx_HAL_Driver/stm32f4xx_hal_adc.o
                0x08001f00                HAL_ADC_Start
 .text.HAL_ADC_Stop
                0x08001ffc       0x36 ./Drivers/STM32F4xx_HAL_Driver/stm32f4xx_hal_adc.o
                0x08001ffc                HAL_ADC_Stop
 .text.HAL_ADC_PollForConversion
                0x08002032       0xa6 ./Drivers/STM32F4xx_HAL_Driver/stm32f4xx_hal_adc.o
                0x08002032                HAL_ADC_PollForConversion
 .text.HAL_ADC_GetValue
                0x080020d8        0x6 ./Drivers/STM32F4xx_HAL_Driver/stm32f4xx_hal_adc.o
                0x080020d8                HAL_ADC_GetValue
 *fill*         0x080020de        0x2 
 .text.HAL_ADC_ConfigChannel
                0x080020e0      0x138 ./Drivers/STM32F4xx_HAL_Driver/stm32f4xx_hal_adc.o
                0x080020e0                HAL_ADC_ConfigChannel
 .text.HAL_NVIC_SetPriorityGrouping
                0x08002218       0x24 ./Drivers/STM32F4xx_HAL_Driver/stm32f4xx_hal_cortex.o
                0x08002218                HAL_NVIC_SetPriorityGrouping
 .text.HAL_NVIC_SetPriority
                0x0800223c       0x64 ./Drivers/STM32F4xx_HAL_Driver/stm32f4xx_hal_cortex.o
                0x0800223c                HAL_NVIC_SetPriority
 .text.HAL_NVIC_EnableIRQ
                0x080022a0       0x1c ./Drivers/STM32F4xx_HAL_Driver/stm32f4xx_hal_cortex.o
                0x080022a0                HAL_NVIC_EnableIRQ
 .text.HAL_CRC_Init
                0x080022bc       0x20 ./Drivers/STM32F4xx_HAL_Driver/stm32f4xx_hal_crc.o
                0x080022bc                HAL_CRC_Init
 .text.HAL_DMA2D_Init
                0x080022dc       0x54 ./Drivers/STM32F4xx_HAL_Driver/stm32f4xx_hal_dma2d.o
                0x080022dc                HAL_DMA2D_Init
 .text.HAL_DMA2D_LineEventCallback
                0x08002330        0x2 ./Drivers/STM32F4xx_HAL_Driver/stm32f4xx_hal_dma2d.o
                0x08002330                HAL_DMA2D_LineEventCallback
 .text.HAL_DMA2D_CLUTLoadingCpltCallback
                0x08002332        0x2 ./Drivers/STM32F4xx_HAL_Driver/stm32f4xx_hal_dma2d.o
                0x08002332                HAL_DMA2D_CLUTLoadingCpltCallback
 .text.HAL_DMA2D_IRQHandler
                0x08002334      0x114 ./Drivers/STM32F4xx_HAL_Driver/stm32f4xx_hal_dma2d.o
                0x08002334                HAL_DMA2D_IRQHandler
 .text.HAL_DMA2D_ConfigLayer
                0x08002448       0x88 ./Drivers/STM32F4xx_HAL_Driver/stm32f4xx_hal_dma2d.o
                0x08002448                HAL_DMA2D_ConfigLayer
 .text.HAL_GPIO_Init
                0x080024d0      0x1c8 ./Drivers/STM32F4xx_HAL_Driver/stm32f4xx_hal_gpio.o
                0x080024d0                HAL_GPIO_Init
 .text.HAL_GPIO_WritePin
                0x08002698        0xa ./Drivers/STM32F4xx_HAL_Driver/stm32f4xx_hal_gpio.o
                0x08002698                HAL_GPIO_WritePin
 *fill*         0x080026a2        0x2 
 .text.HAL_I2C_Init
                0x080026a4      0x150 ./Drivers/STM32F4xx_HAL_Driver/stm32f4xx_hal_i2c.o
                0x080026a4                HAL_I2C_Init
 .text.HAL_I2CEx_ConfigAnalogFilter
                0x080027f4       0x3e ./Drivers/STM32F4xx_HAL_Driver/stm32f4xx_hal_i2c_ex.o
                0x080027f4                HAL_I2CEx_ConfigAnalogFilter
 .text.HAL_I2CEx_ConfigDigitalFilter
                0x08002832       0x3e ./Drivers/STM32F4xx_HAL_Driver/stm32f4xx_hal_i2c_ex.o
                0x08002832                HAL_I2CEx_ConfigDigitalFilter
 .text.LTDC_SetConfig
                0x08002870       0xe8 ./Drivers/STM32F4xx_HAL_Driver/stm32f4xx_hal_ltdc.o
 .text.HAL_LTDC_Init
                0x08002958       0xaa ./Drivers/STM32F4xx_HAL_Driver/stm32f4xx_hal_ltdc.o
                0x08002958                HAL_LTDC_Init
 .text.HAL_LTDC_ErrorCallback
                0x08002a02        0x2 ./Drivers/STM32F4xx_HAL_Driver/stm32f4xx_hal_ltdc.o
                0x08002a02                HAL_LTDC_ErrorCallback
 .text.HAL_LTDC_LineEventCallback
                0x08002a04        0x2 ./Drivers/STM32F4xx_HAL_Driver/stm32f4xx_hal_ltdc.o
                0x08002a04                HAL_LTDC_LineEventCallback
 .text.HAL_LTDC_ReloadEventCallback
                0x08002a06        0x2 ./Drivers/STM32F4xx_HAL_Driver/stm32f4xx_hal_ltdc.o
                0x08002a06                HAL_LTDC_ReloadEventCallback
 .text.HAL_LTDC_IRQHandler
                0x08002a08       0xba ./Drivers/STM32F4xx_HAL_Driver/stm32f4xx_hal_ltdc.o
                0x08002a08                HAL_LTDC_IRQHandler
 .text.HAL_LTDC_ConfigLayer
                0x08002ac2       0x5a ./Drivers/STM32F4xx_HAL_Driver/stm32f4xx_hal_ltdc.o
                0x08002ac2                HAL_LTDC_ConfigLayer
 .text.HAL_PWREx_EnableOverDrive
                0x08002b1c       0x74 ./Drivers/STM32F4xx_HAL_Driver/stm32f4xx_hal_pwr_ex.o
                0x08002b1c                HAL_PWREx_EnableOverDrive
 .text.HAL_RCC_OscConfig
                0x08002b90      0x35c ./Drivers/STM32F4xx_HAL_Driver/stm32f4xx_hal_rcc.o
                0x08002b90                HAL_RCC_OscConfig
 .text.HAL_RCC_GetSysClockFreq
                0x08002eec       0x5c ./Drivers/STM32F4xx_HAL_Driver/stm32f4xx_hal_rcc.o
                0x08002eec                HAL_RCC_GetSysClockFreq
 .text.HAL_RCC_ClockConfig
                0x08002f48      0x134 ./Drivers/STM32F4xx_HAL_Driver/stm32f4xx_hal_rcc.o
                0x08002f48                HAL_RCC_ClockConfig
 .text.HAL_RCC_GetPCLK1Freq
                0x0800307c       0x20 ./Drivers/STM32F4xx_HAL_Driver/stm32f4xx_hal_rcc.o
                0x0800307c                HAL_RCC_GetPCLK1Freq
 .text.HAL_RCC_GetClockConfig
                0x0800309c       0x3c ./Drivers/STM32F4xx_HAL_Driver/stm32f4xx_hal_rcc.o
                0x0800309c                HAL_RCC_GetClockConfig
 .text.HAL_RCCEx_PeriphCLKConfig
                0x080030d8      0x258 ./Drivers/STM32F4xx_HAL_Driver/stm32f4xx_hal_rcc_ex.o
                0x080030d8                HAL_RCCEx_PeriphCLKConfig
 .text.HAL_RNG_Init
                0x08003330       0x30 ./Drivers/STM32F4xx_HAL_Driver/stm32f4xx_hal_rng.o
                0x08003330                HAL_RNG_Init
 .text.HAL_SDRAM_Init
                0x08003360       0x40 ./Drivers/STM32F4xx_HAL_Driver/stm32f4xx_hal_sdram.o
                0x08003360                HAL_SDRAM_Init
 .text.HAL_SDRAM_SendCommand
                0x080033a0       0x3c ./Drivers/STM32F4xx_HAL_Driver/stm32f4xx_hal_sdram.o
                0x080033a0                HAL_SDRAM_SendCommand
 .text.HAL_SDRAM_ProgramRefreshRate
                0x080033dc       0x30 ./Drivers/STM32F4xx_HAL_Driver/stm32f4xx_hal_sdram.o
                0x080033dc                HAL_SDRAM_ProgramRefreshRate
 .text.SPI_WaitFlagStateUntilTimeout
                0x0800340c       0xb8 ./Drivers/STM32F4xx_HAL_Driver/stm32f4xx_hal_spi.o
 .text.SPI_EndRxTxTransaction
                0x080034c4       0x78 ./Drivers/STM32F4xx_HAL_Driver/stm32f4xx_hal_spi.o
 .text.SPI_EndRxTransaction
                0x0800353c       0x5c ./Drivers/STM32F4xx_HAL_Driver/stm32f4xx_hal_spi.o
 .text.HAL_SPI_Init
                0x08003598       0xb8 ./Drivers/STM32F4xx_HAL_Driver/stm32f4xx_hal_spi.o
                0x08003598                HAL_SPI_Init
 .text.HAL_SPI_Transmit
                0x08003650      0x160 ./Drivers/STM32F4xx_HAL_Driver/stm32f4xx_hal_spi.o
                0x08003650                HAL_SPI_Transmit
 .text.HAL_SPI_TransmitReceive
                0x080037b0      0x1f8 ./Drivers/STM32F4xx_HAL_Driver/stm32f4xx_hal_spi.o
                0x080037b0                HAL_SPI_TransmitReceive
 .text.HAL_SPI_Receive
                0x080039a8      0x146 ./Drivers/STM32F4xx_HAL_Driver/stm32f4xx_hal_spi.o
                0x080039a8                HAL_SPI_Receive
 .text.HAL_TIM_Base_MspInit
                0x08003aee        0x2 ./Drivers/STM32F4xx_HAL_Driver/stm32f4xx_hal_tim.o
                0x08003aee                HAL_TIM_Base_MspInit
 .text.HAL_TIM_Base_Start_IT
                0x08003af0       0x74 ./Drivers/STM32F4xx_HAL_Driver/stm32f4xx_hal_tim.o
                0x08003af0                HAL_TIM_Base_Start_IT
 .text.HAL_TIM_OC_DelayElapsedCallback
                0x08003b64        0x2 ./Drivers/STM32F4xx_HAL_Driver/stm32f4xx_hal_tim.o
                0x08003b64                HAL_TIM_OC_DelayElapsedCallback
 .text.HAL_TIM_IC_CaptureCallback
                0x08003b66        0x2 ./Drivers/STM32F4xx_HAL_Driver/stm32f4xx_hal_tim.o
                0x08003b66                HAL_TIM_IC_CaptureCallback
 .text.HAL_TIM_PWM_PulseFinishedCallback
                0x08003b68        0x2 ./Drivers/STM32F4xx_HAL_Driver/stm32f4xx_hal_tim.o
                0x08003b68                HAL_TIM_PWM_PulseFinishedCallback
 .text.HAL_TIM_TriggerCallback
                0x08003b6a        0x2 ./Drivers/STM32F4xx_HAL_Driver/stm32f4xx_hal_tim.o
                0x08003b6a                HAL_TIM_TriggerCallback
 .text.HAL_TIM_IRQHandler
                0x08003b6c      0x128 ./Drivers/STM32F4xx_HAL_Driver/stm32f4xx_hal_tim.o
                0x08003b6c                HAL_TIM_IRQHandler
 .text.TIM_Base_SetConfig
                0x08003c94       0xa8 ./Drivers/STM32F4xx_HAL_Driver/stm32f4xx_hal_tim.o
                0x08003c94                TIM_Base_SetConfig
 .text.HAL_TIM_Base_Init
                0x08003d3c       0x58 ./Drivers/STM32F4xx_HAL_Driver/stm32f4xx_hal_tim.o
                0x08003d3c                HAL_TIM_Base_Init
 .text.HAL_TIMEx_CommutCallback
                0x08003d94        0x2 ./Drivers/STM32F4xx_HAL_Driver/stm32f4xx_hal_tim_ex.o
                0x08003d94                HAL_TIMEx_CommutCallback
 .text.HAL_TIMEx_BreakCallback
                0x08003d96        0x2 ./Drivers/STM32F4xx_HAL_Driver/stm32f4xx_hal_tim_ex.o
                0x08003d96                HAL_TIMEx_BreakCallback
 .text.FMC_SDRAM_Init
                0x08003d98       0x6c ./Drivers/STM32F4xx_HAL_Driver/stm32f4xx_ll_fmc.o
                0x08003d98                FMC_SDRAM_Init
 .text.FMC_SDRAM_Timing_Init
                0x08003e04       0x6c ./Drivers/STM32F4xx_HAL_Driver/stm32f4xx_ll_fmc.o
                0x08003e04                FMC_SDRAM_Timing_Init
 .text.FMC_SDRAM_SendCommand
                0x08003e70       0x48 ./Drivers/STM32F4xx_HAL_Driver/stm32f4xx_ll_fmc.o
                0x08003e70                FMC_SDRAM_SendCommand
 .text.FMC_SDRAM_ProgramRefreshRate
                0x08003eb8       0x10 ./Drivers/STM32F4xx_HAL_Driver/stm32f4xx_ll_fmc.o
                0x08003eb8                FMC_SDRAM_ProgramRefreshRate
 .text.SysTick_Handler
                0x08003ec8       0x1a ./Middlewares/FreeRTOS/cmsis_os2.o
                0x08003ec8                SysTick_Handler
 *fill*         0x08003ee2        0x2 
 .text.osKernelInitialize
                0x08003ee4       0x24 ./Middlewares/FreeRTOS/cmsis_os2.o
                0x08003ee4                osKernelInitialize
 .text.osKernelStart
                0x08003f08       0x34 ./Middlewares/FreeRTOS/cmsis_os2.o
                0x08003f08                osKernelStart
 .text.osThreadNew
                0x08003f3c       0x88 ./Middlewares/FreeRTOS/cmsis_os2.o
                0x08003f3c                osThreadNew
 .text.osDelay  0x08003fc4       0x18 ./Middlewares/FreeRTOS/cmsis_os2.o
                0x08003fc4                osDelay
 .text.osMessageQueueNew
                0x08003fdc       0x76 ./Middlewares/FreeRTOS/cmsis_os2.o
                0x08003fdc                osMessageQueueNew
 .text.osMessageQueuePut
                0x08004052       0x62 ./Middlewares/FreeRTOS/cmsis_os2.o
                0x08004052                osMessageQueuePut
 .text.vApplicationGetIdleTaskMemory
                0x080040b4       0x18 ./Middlewares/FreeRTOS/cmsis_os2.o
                0x080040b4                vApplicationGetIdleTaskMemory
 .text.vApplicationGetTimerTaskMemory
                0x080040cc       0x18 ./Middlewares/FreeRTOS/cmsis_os2.o
                0x080040cc                vApplicationGetTimerTaskMemory
 .text.prvInsertBlockIntoFreeList
                0x080040e4       0x4c ./Middlewares/FreeRTOS/heap_4.o
 .text.pvPortMalloc
                0x08004130      0x130 ./Middlewares/FreeRTOS/heap_4.o
                0x08004130                pvPortMalloc
 .text.vPortFree
                0x08004260       0x7c ./Middlewares/FreeRTOS/heap_4.o
                0x08004260                vPortFree
 .text.vListInitialise
                0x080042dc       0x16 ./Middlewares/FreeRTOS/list.o
                0x080042dc                vListInitialise
 .text.vListInitialiseItem
                0x080042f2        0x6 ./Middlewares/FreeRTOS/list.o
                0x080042f2                vListInitialiseItem
 .text.vListInsertEnd
                0x080042f8       0x16 ./Middlewares/FreeRTOS/list.o
                0x080042f8                vListInsertEnd
 .text.vListInsert
                0x0800430e       0x2e ./Middlewares/FreeRTOS/list.o
                0x0800430e                vListInsert
 .text.uxListRemove
                0x0800433c       0x20 ./Middlewares/FreeRTOS/list.o
                0x0800433c                uxListRemove
 .text.prvPortStartFirstTask
                0x0800435c       0x28 ./Middlewares/FreeRTOS/port.o
 .text.vPortEnableVFP
                0x08004384       0x14 ./Middlewares/FreeRTOS/port.o
 .text.prvTaskExitError
                0x08004398       0x40 ./Middlewares/FreeRTOS/port.o
 .text.pxPortInitialiseStack
                0x080043d8       0x2c ./Middlewares/FreeRTOS/port.o
                0x080043d8                pxPortInitialiseStack
 *fill*         0x08004404        0xc 
 .text.SVC_Handler
                0x08004410       0x24 ./Middlewares/FreeRTOS/port.o
                0x08004410                SVC_Handler
 .text.vPortEnterCritical
                0x08004434       0x40 ./Middlewares/FreeRTOS/port.o
                0x08004434                vPortEnterCritical
 .text.vPortExitCritical
                0x08004474       0x28 ./Middlewares/FreeRTOS/port.o
                0x08004474                vPortExitCritical
 *fill*         0x0800449c        0x4 
 .text.PendSV_Handler
                0x080044a0       0x64 ./Middlewares/FreeRTOS/port.o
                0x080044a0                PendSV_Handler
 .text.xPortSysTickHandler
                0x08004504       0x2c ./Middlewares/FreeRTOS/port.o
                0x08004504                xPortSysTickHandler
 .text.vPortSetupTimerInterrupt
                0x08004530       0x24 ./Middlewares/FreeRTOS/port.o
                0x08004530                vPortSetupTimerInterrupt
 .text.xPortStartScheduler
                0x08004554      0x108 ./Middlewares/FreeRTOS/port.o
                0x08004554                xPortStartScheduler
 .text.vPortValidateInterruptPriority
                0x0800465c       0x5c ./Middlewares/FreeRTOS/port.o
                0x0800465c                vPortValidateInterruptPriority
 .text.prvIsQueueEmpty
                0x080046b8       0x16 ./Middlewares/FreeRTOS/queue.o
 .text.prvCopyDataToQueue
                0x080046ce       0x66 ./Middlewares/FreeRTOS/queue.o
 .text.prvCopyDataFromQueue
                0x08004734       0x2a ./Middlewares/FreeRTOS/queue.o
 .text.prvUnlockQueue
                0x0800475e       0x6c ./Middlewares/FreeRTOS/queue.o
 .text.xQueueGenericReset
                0x080047ca       0x7e ./Middlewares/FreeRTOS/queue.o
                0x080047ca                xQueueGenericReset
 .text.xQueueGenericCreateStatic
                0x08004848       0x9c ./Middlewares/FreeRTOS/queue.o
                0x08004848                xQueueGenericCreateStatic
 .text.xQueueGenericCreate
                0x080048e4       0x4e ./Middlewares/FreeRTOS/queue.o
                0x080048e4                xQueueGenericCreate
 .text.xQueueGenericSend
                0x08004932      0x164 ./Middlewares/FreeRTOS/queue.o
                0x08004932                xQueueGenericSend
 .text.xQueueGenericSendFromISR
                0x08004a96       0xba ./Middlewares/FreeRTOS/queue.o
                0x08004a96                xQueueGenericSendFromISR
 .text.xQueueReceive
                0x08004b50      0x13e ./Middlewares/FreeRTOS/queue.o
                0x08004b50                xQueueReceive
 *fill*         0x08004c8e        0x2 
 .text.vQueueAddToRegistry
                0x08004c90       0x24 ./Middlewares/FreeRTOS/queue.o
                0x08004c90                vQueueAddToRegistry
 .text.vQueueWaitForMessageRestricted
                0x08004cb4       0x46 ./Middlewares/FreeRTOS/queue.o
                0x08004cb4                vQueueWaitForMessageRestricted
 *fill*         0x08004cfa        0x2 
 .text.prvAddNewTaskToReadyList
                0x08004cfc      0x100 ./Middlewares/FreeRTOS/tasks.o
 .text.prvAddCurrentTaskToDelayedList
                0x08004dfc       0x70 ./Middlewares/FreeRTOS/tasks.o
 .text.prvResetNextTaskUnblockTime
                0x08004e6c       0x24 ./Middlewares/FreeRTOS/tasks.o
 .text.prvDeleteTCB
                0x08004e90       0x3c ./Middlewares/FreeRTOS/tasks.o
 .text.prvIdleTask
                0x08004ecc       0x60 ./Middlewares/FreeRTOS/tasks.o
 .text.prvInitialiseNewTask.constprop.0
                0x08004f2c       0xbc ./Middlewares/FreeRTOS/tasks.o
 .text.xTaskCreateStatic
                0x08004fe8       0x70 ./Middlewares/FreeRTOS/tasks.o
                0x08004fe8                xTaskCreateStatic
 .text.xTaskCreate
                0x08005058       0x5c ./Middlewares/FreeRTOS/tasks.o
                0x08005058                xTaskCreate
 .text.vTaskStartScheduler
                0x080050b4       0xa0 ./Middlewares/FreeRTOS/tasks.o
                0x080050b4                vTaskStartScheduler
 .text.vTaskSuspendAll
                0x08005154       0x10 ./Middlewares/FreeRTOS/tasks.o
                0x08005154                vTaskSuspendAll
 .text.xTaskGetTickCount
                0x08005164        0xc ./Middlewares/FreeRTOS/tasks.o
                0x08005164                xTaskGetTickCount
 .text.xTaskIncrementTick
                0x08005170      0x12c ./Middlewares/FreeRTOS/tasks.o
                0x08005170                xTaskIncrementTick
 .text.xTaskResumeAll
                0x0800529c       0xe8 ./Middlewares/FreeRTOS/tasks.o
                0x0800529c                xTaskResumeAll
 .text.vTaskDelay
                0x08005384       0x48 ./Middlewares/FreeRTOS/tasks.o
                0x08005384                vTaskDelay
 .text.vTaskSwitchContext
                0x080053cc       0x7c ./Middlewares/FreeRTOS/tasks.o
                0x080053cc                vTaskSwitchContext
 .text.vTaskPlaceOnEventList
                0x08005448       0x34 ./Middlewares/FreeRTOS/tasks.o
                0x08005448                vTaskPlaceOnEventList
 .text.vTaskPlaceOnEventListRestricted
                0x0800547c       0x3c ./Middlewares/FreeRTOS/tasks.o
                0x0800547c                vTaskPlaceOnEventListRestricted
 .text.xTaskRemoveFromEventList
                0x080054b8       0x80 ./Middlewares/FreeRTOS/tasks.o
                0x080054b8                xTaskRemoveFromEventList
 .text.vTaskInternalSetTimeOutState
                0x08005538       0x18 ./Middlewares/FreeRTOS/tasks.o
                0x08005538                vTaskInternalSetTimeOutState
 .text.xTaskCheckForTimeOut
                0x08005550       0x78 ./Middlewares/FreeRTOS/tasks.o
                0x08005550                xTaskCheckForTimeOut
 .text.vTaskMissedYield
                0x080055c8        0xc ./Middlewares/FreeRTOS/tasks.o
                0x080055c8                vTaskMissedYield
 .text.xTaskGetSchedulerState
                0x080055d4       0x20 ./Middlewares/FreeRTOS/tasks.o
                0x080055d4                xTaskGetSchedulerState
 .text.xTaskPriorityDisinherit
                0x080055f4       0x84 ./Middlewares/FreeRTOS/tasks.o
                0x080055f4                xTaskPriorityDisinherit
 .text.prvInsertTimerInActiveList
                0x08005678       0x3c ./Middlewares/FreeRTOS/timers.o
 .text.prvCheckForValidListAndQueue
                0x080056b4       0x68 ./Middlewares/FreeRTOS/timers.o
 .text.xTimerCreateTimerTask
                0x0800571c       0x64 ./Middlewares/FreeRTOS/timers.o
                0x0800571c                xTimerCreateTimerTask
 .text.xTimerGenericCommand
                0x08005780       0x58 ./Middlewares/FreeRTOS/timers.o
                0x08005780                xTimerGenericCommand
 .text.prvSwitchTimerLists
                0x080057d8       0x74 ./Middlewares/FreeRTOS/timers.o
 .text.prvTimerTask
                0x0800584c      0x1f0 ./Middlewares/FreeRTOS/timers.o
 .text.startup._GLOBAL__sub_I__ZN8touchgfx3LCD12defaultColorE
                0x08005a3c        0xc ../../Middlewares/ST/touchgfx/lib/core/cortex_m4f/gcc\libtouchgfx-float-abi-hard.a(LCD.o)
 .text.startup._GLOBAL__sub_I__ZN8touchgfx11Application8instanceE
                0x08005a48       0x14 ../../Middlewares/ST/touchgfx/lib/core/cortex_m4f/gcc\libtouchgfx-float-abi-hard.a(Application.o)
 .text._ZNK8touchgfx4Font17getStringWidthLTREhPKtSt9__va_list
                0x08005a5c       0xa4 ../../Middlewares/ST/touchgfx/lib/core/cortex_m4f/gcc\libtouchgfx-float-abi-hard.a(Font.o)
                0x08005a5c                touchgfx::Font::getStringWidthLTR(unsigned char, unsigned short const*, std::__va_list) const
 .text._ZNK8touchgfx4Font12getCharWidthEt
                0x08005b00       0x18 ../../Middlewares/ST/touchgfx/lib/core/cortex_m4f/gcc\libtouchgfx-float-abi-hard.a(Font.o)
                0x08005b00                touchgfx::Font::getCharWidth(unsigned short) const
 .text._ZNK8touchgfx4Font16getMaxTextHeightEPKtz
                0x08005b18       0x92 ../../Middlewares/ST/touchgfx/lib/core/cortex_m4f/gcc\libtouchgfx-float-abi-hard.a(Font.o)
                0x08005b18                touchgfx::Font::getMaxTextHeight(unsigned short const*, ...) const
 .text._ZNK8touchgfx4Font20getMinimumTextHeightEv
                0x08005baa        0xa ../../Middlewares/ST/touchgfx/lib/core/cortex_m4f/gcc\libtouchgfx-float-abi-hard.a(Font.o)
                0x08005baa                touchgfx::Font::getMinimumTextHeight() const
 .text._ZNK8touchgfx4Font13getFontHeightEv
                0x08005bb4        0x6 ../../Middlewares/ST/touchgfx/lib/core/cortex_m4f/gcc\libtouchgfx-float-abi-hard.a(Font.o)
                0x08005bb4                touchgfx::Font::getFontHeight() const
 .text._ZNK8touchgfx4Font16getNumberOfLinesEPKtz
                0x08005bba       0x62 ../../Middlewares/ST/touchgfx/lib/core/cortex_m4f/gcc\libtouchgfx-float-abi-hard.a(Font.o)
                0x08005bba                touchgfx::Font::getNumberOfLines(unsigned short const*, ...) const
 .text._ZNK8touchgfx4Font15getSpacingAboveEPKtz
                0x08005c1c       0x90 ../../Middlewares/ST/touchgfx/lib/core/cortex_m4f/gcc\libtouchgfx-float-abi-hard.a(Font.o)
                0x08005c1c                touchgfx::Font::getSpacingAbove(unsigned short const*, ...) const
 .text._ZN8touchgfx9ConstFontC2EPKNS_9GlyphNodeEttthhhhhhtt
                0x08005cac       0x50 ../../Middlewares/ST/touchgfx/lib/core/cortex_m4f/gcc\libtouchgfx-float-abi-hard.a(ConstFont.o)
                0x08005cac                touchgfx::ConstFont::ConstFont(touchgfx::GlyphNode const*, unsigned short, unsigned short, unsigned short, unsigned char, unsigned char, unsigned char, unsigned char, unsigned char, unsigned char, unsigned short, unsigned short)
                0x08005cac                touchgfx::ConstFont::ConstFont(touchgfx::GlyphNode const*, unsigned short, unsigned short, unsigned short, unsigned char, unsigned char, unsigned char, unsigned char, unsigned char, unsigned char, unsigned short, unsigned short)
 .text._ZNK8touchgfx9ConstFont4findEt
                0x08005cfc       0x88 ../../Middlewares/ST/touchgfx/lib/core/cortex_m4f/gcc\libtouchgfx-float-abi-hard.a(ConstFont.o)
                0x08005cfc                touchgfx::ConstFont::find(unsigned short) const
 .text._ZNK8touchgfx9ConstFont8getGlyphEtRPKhRh
                0x08005d84       0x5a ../../Middlewares/ST/touchgfx/lib/core/cortex_m4f/gcc\libtouchgfx-float-abi-hard.a(ConstFont.o)
                0x08005d84                touchgfx::ConstFont::getGlyph(unsigned short, unsigned char const*&, unsigned char&) const
 .text._ZN8touchgfx12TextProviderC2Ev
                0x08005dde       0x44 ../../Middlewares/ST/touchgfx/lib/core/cortex_m4f/gcc\libtouchgfx-float-abi-hard.a(TextProvider.o)
                0x08005dde                touchgfx::TextProvider::TextProvider()
                0x08005dde                touchgfx::TextProvider::TextProvider()
 .text._ZN8touchgfx12TextProvider19getNextCharInternalEv
                0x08005e22       0x5a ../../Middlewares/ST/touchgfx/lib/core/cortex_m4f/gcc\libtouchgfx-float-abi-hard.a(TextProvider.o)
                0x08005e22                touchgfx::TextProvider::getNextCharInternal()
 .text._ZN8touchgfx12TextProvider10initializeEPKtSt9__va_listS2_PKNS_24FontContextualFormsTableE
                0x08005e7c       0x2a ../../Middlewares/ST/touchgfx/lib/core/cortex_m4f/gcc\libtouchgfx-float-abi-hard.a(TextProvider.o)
                0x08005e7c                touchgfx::TextProvider::initialize(unsigned short const*, std::__va_list, unsigned short const*, touchgfx::FontContextualFormsTable const*)
 .text._ZN8touchgfx12TextProvider16adjustHindiGlyphEPKNS_9GlyphNodeE
                0x08005ea6       0x46 ../../Middlewares/ST/touchgfx/lib/core/cortex_m4f/gcc\libtouchgfx-float-abi-hard.a(TextProvider.o)
                0x08005ea6                touchgfx::TextProvider::adjustHindiGlyph(touchgfx::GlyphNode const*)
 .text._ZNK8touchgfx12TextProvider15thaiLookupGlyphEPKNS_9GlyphNodeEPKNS_4FontEt
                0x08005eec       0x16 ../../Middlewares/ST/touchgfx/lib/core/cortex_m4f/gcc\libtouchgfx-float-abi-hard.a(TextProvider.o)
                0x08005eec                touchgfx::TextProvider::thaiLookupGlyph(touchgfx::GlyphNode const*, touchgfx::Font const*, unsigned short) const
 *fill*         0x08005f02        0x2 
 .text._ZN8touchgfx12TextProvider15adjustThaiGlyphEPKNS_4FontEPKNS_9GlyphNodeE
                0x08005f04      0x278 ../../Middlewares/ST/touchgfx/lib/core/cortex_m4f/gcc\libtouchgfx-float-abi-hard.a(TextProvider.o)
                0x08005f04                touchgfx::TextProvider::adjustThaiGlyph(touchgfx::Font const*, touchgfx::GlyphNode const*)
 .text._ZN8touchgfx12TextProvider17adjustArabicGlyphEPKNS_4FontEPKNS_9GlyphNodeEt
                0x0800617c      0x2b8 ../../Middlewares/ST/touchgfx/lib/core/cortex_m4f/gcc\libtouchgfx-float-abi-hard.a(TextProvider.o)
                0x0800617c                touchgfx::TextProvider::adjustArabicGlyph(touchgfx::Font const*, touchgfx::GlyphNode const*, unsigned short)
 .text._ZN8touchgfx12TextProvider15getNextLigatureEhPKNS_4FontERPKNS_9GlyphNodeE
                0x08006434       0x90 ../../Middlewares/ST/touchgfx/lib/core/cortex_m4f/gcc\libtouchgfx-float-abi-hard.a(TextProvider.o)
                0x08006434                touchgfx::TextProvider::getNextLigature(unsigned char, touchgfx::Font const*, touchgfx::GlyphNode const*&)
 .text._ZN8touchgfx12TextProvider15fillInputBufferEv
                0x080064c4       0x70 ../../Middlewares/ST/touchgfx/lib/core/cortex_m4f/gcc\libtouchgfx-float-abi-hard.a(TextProvider.o)
                0x080064c4                touchgfx::TextProvider::fillInputBuffer()
 .text._ZN8touchgfx12TextProvider11getNextCharEv
                0x08006534       0x4c ../../Middlewares/ST/touchgfx/lib/core/cortex_m4f/gcc\libtouchgfx-float-abi-hard.a(TextProvider.o)
                0x08006534                touchgfx::TextProvider::getNextChar()
 .text._ZN8touchgfx12TextProvider22replaceInputCharactersEttPKt
                0x08006580       0xa8 ../../Middlewares/ST/touchgfx/lib/core/cortex_m4f/gcc\libtouchgfx-float-abi-hard.a(TextProvider.o)
                0x08006580                touchgfx::TextProvider::replaceInputCharacters(unsigned short, unsigned short, unsigned short const*)
 .text._ZN8touchgfx12TextProvider13gsubRuleMatchEPKtttt
                0x08006628       0x60 ../../Middlewares/ST/touchgfx/lib/core/cortex_m4f/gcc\libtouchgfx-float-abi-hard.a(TextProvider.o)
                0x08006628                touchgfx::TextProvider::gsubRuleMatch(unsigned short const*, unsigned short, unsigned short, unsigned short)
 .text._ZN8touchgfx12TextProvider14applyGsubRulesEPKtt
                0x08006688       0x68 ../../Middlewares/ST/touchgfx/lib/core/cortex_m4f/gcc\libtouchgfx-float-abi-hard.a(TextProvider.o)
                0x08006688                touchgfx::TextProvider::applyGsubRules(unsigned short const*, unsigned short)
 .text._ZNK8touchgfx12TextProvider21gsubTableBinarySearchEtPKtt
                0x080066f0       0x3e ../../Middlewares/ST/touchgfx/lib/core/cortex_m4f/gcc\libtouchgfx-float-abi-hard.a(TextProvider.o)
                0x080066f0                touchgfx::TextProvider::gsubTableBinarySearch(unsigned short, unsigned short const*, unsigned short) const
 .text._ZN8touchgfx12TextProvider16substituteGlyphsEv
                0x0800672e       0x36 ../../Middlewares/ST/touchgfx/lib/core/cortex_m4f/gcc\libtouchgfx-float-abi-hard.a(TextProvider.o)
                0x0800672e                touchgfx::TextProvider::substituteGlyphs()
 .text._ZdlPvj  0x08006764        0x4 C:/ST/STM32CubeIDE_2.1.0/STM32CubeIDE/plugins/com.st.stm32cube.ide.mcu.externaltools.gnu-tools-for-stm32.14.3.rel1.win32_1.0.100.202602081740/tools/bin/../lib/gcc/arm-none-eabi/14.3.1/../../../../arm-none-eabi/lib/thumb/v7e-m+fp/hard\libstdc++_nano.a(del_ops.o)
                0x08006764                operator delete(void*, unsigned int)
 .text.__cxa_guard_acquire
                0x08006768       0x18 C:/ST/STM32CubeIDE_2.1.0/STM32CubeIDE/plugins/com.st.stm32cube.ide.mcu.externaltools.gnu-tools-for-stm32.14.3.rel1.win32_1.0.100.202602081740/tools/bin/../lib/gcc/arm-none-eabi/14.3.1/../../../../arm-none-eabi/lib/thumb/v7e-m+fp/hard\libstdc++_nano.a(guard.o)
                0x08006768                __cxa_guard_acquire
 .text.__cxa_guard_release
                0x08006780        0x6 C:/ST/STM32CubeIDE_2.1.0/STM32CubeIDE/plugins/com.st.stm32cube.ide.mcu.externaltools.gnu-tools-for-stm32.14.3.rel1.win32_1.0.100.202602081740/tools/bin/../lib/gcc/arm-none-eabi/14.3.1/../../../../arm-none-eabi/lib/thumb/v7e-m+fp/hard\libstdc++_nano.a(guard.o)
                0x08006780                __cxa_guard_release
 .text._ZdlPv   0x08006786        0x4 C:/ST/STM32CubeIDE_2.1.0/STM32CubeIDE/plugins/com.st.stm32cube.ide.mcu.externaltools.gnu-tools-for-stm32.14.3.rel1.win32_1.0.100.202602081740/tools/bin/../lib/gcc/arm-none-eabi/14.3.1/../../../../arm-none-eabi/lib/thumb/v7e-m+fp/hard\libstdc++_nano.a(del_op.o)
                0x08006786                operator delete(void*)
 *fill*         0x0800678a        0x2 
 .text.__assert_func
                0x0800678c       0x3c C:/ST/STM32CubeIDE_2.1.0/STM32CubeIDE/plugins/com.st.stm32cube.ide.mcu.externaltools.gnu-tools-for-stm32.14.3.rel1.win32_1.0.100.202602081740/tools/bin/../lib/gcc/arm-none-eabi/14.3.1/../../../../arm-none-eabi/lib/thumb/v7e-m+fp/hard\libc_nano.a(libc_a-assert.o)
                0x0800678c                __assert_func
 .text.atexit   0x080067c8        0xc C:/ST/STM32CubeIDE_2.1.0/STM32CubeIDE/plugins/com.st.stm32cube.ide.mcu.externaltools.gnu-tools-for-stm32.14.3.rel1.win32_1.0.100.202602081740/tools/bin/../lib/gcc/arm-none-eabi/14.3.1/../../../../arm-none-eabi/lib/thumb/v7e-m+fp/hard\libc_nano.a(libc_a-atexit.o)
                0x080067c8                atexit
 .text.malloc   0x080067d4       0x10 C:/ST/STM32CubeIDE_2.1.0/STM32CubeIDE/plugins/com.st.stm32cube.ide.mcu.externaltools.gnu-tools-for-stm32.14.3.rel1.win32_1.0.100.202602081740/tools/bin/../lib/gcc/arm-none-eabi/14.3.1/../../../../arm-none-eabi/lib/thumb/v7e-m+fp/hard\libc_nano.a(libc_a-malloc.o)
                0x080067d4                malloc
 .text.free     0x080067e4       0x10 C:/ST/STM32CubeIDE_2.1.0/STM32CubeIDE/plugins/com.st.stm32cube.ide.mcu.externaltools.gnu-tools-for-stm32.14.3.rel1.win32_1.0.100.202602081740/tools/bin/../lib/gcc/arm-none-eabi/14.3.1/../../../../arm-none-eabi/lib/thumb/v7e-m+fp/hard\libc_nano.a(libc_a-malloc.o)
                0x080067e4                free
 .text.sbrk_aligned
                0x080067f4       0x44 C:/ST/STM32CubeIDE_2.1.0/STM32CubeIDE/plugins/com.st.stm32cube.ide.mcu.externaltools.gnu-tools-for-stm32.14.3.rel1.win32_1.0.100.202602081740/tools/bin/../lib/gcc/arm-none-eabi/14.3.1/../../../../arm-none-eabi/lib/thumb/v7e-m+fp/hard\libc_nano.a(libc_a-mallocr.o)
 .text._malloc_r
                0x08006838      0x100 C:/ST/STM32CubeIDE_2.1.0/STM32CubeIDE/plugins/com.st.stm32cube.ide.mcu.externaltools.gnu-tools-for-stm32.14.3.rel1.win32_1.0.100.202602081740/tools/bin/../lib/gcc/arm-none-eabi/14.3.1/../../../../arm-none-eabi/lib/thumb/v7e-m+fp/hard\libc_nano.a(libc_a-mallocr.o)
                0x08006838                _malloc_r
 .text.__malloc_lock
                0x08006938        0xc C:/ST/STM32CubeIDE_2.1.0/STM32CubeIDE/plugins/com.st.stm32cube.ide.mcu.externaltools.gnu-tools-for-stm32.14.3.rel1.win32_1.0.100.202602081740/tools/bin/../lib/gcc/arm-none-eabi/14.3.1/../../../../arm-none-eabi/lib/thumb/v7e-m+fp/hard\libc_nano.a(libc_a-mlock.o)
                0x08006938                __malloc_lock
 .text.__malloc_unlock
                0x08006944        0xc C:/ST/STM32CubeIDE_2.1.0/STM32CubeIDE/plugins/com.st.stm32cube.ide.mcu.externaltools.gnu-tools-for-stm32.14.3.rel1.win32_1.0.100.202602081740/tools/bin/../lib/gcc/arm-none-eabi/14.3.1/../../../../arm-none-eabi/lib/thumb/v7e-m+fp/hard\libc_nano.a(libc_a-mlock.o)
                0x08006944                __malloc_unlock
 .text.std      0x08006950       0x6c C:/ST/STM32CubeIDE_2.1.0/STM32CubeIDE/plugins/com.st.stm32cube.ide.mcu.externaltools.gnu-tools-for-stm32.14.3.rel1.win32_1.0.100.202602081740/tools/bin/../lib/gcc/arm-none-eabi/14.3.1/../../../../arm-none-eabi/lib/thumb/v7e-m+fp/hard\libc_nano.a(libc_a-findfp.o)
 .text.stdio_exit_handler
                0x080069bc       0x18 C:/ST/STM32CubeIDE_2.1.0/STM32CubeIDE/plugins/com.st.stm32cube.ide.mcu.externaltools.gnu-tools-for-stm32.14.3.rel1.win32_1.0.100.202602081740/tools/bin/../lib/gcc/arm-none-eabi/14.3.1/../../../../arm-none-eabi/lib/thumb/v7e-m+fp/hard\libc_nano.a(libc_a-findfp.o)
 .text.cleanup_stdio
                0x080069d4       0x40 C:/ST/STM32CubeIDE_2.1.0/STM32CubeIDE/plugins/com.st.stm32cube.ide.mcu.externaltools.gnu-tools-for-stm32.14.3.rel1.win32_1.0.100.202602081740/tools/bin/../lib/gcc/arm-none-eabi/14.3.1/../../../../arm-none-eabi/lib/thumb/v7e-m+fp/hard\libc_nano.a(libc_a-findfp.o)
 .text.global_stdio_init.part.0
                0x08006a14       0x40 C:/ST/STM32CubeIDE_2.1.0/STM32CubeIDE/plugins/com.st.stm32cube.ide.mcu.externaltools.gnu-tools-for-stm32.14.3.rel1.win32_1.0.100.202602081740/tools/bin/../lib/gcc/arm-none-eabi/14.3.1/../../../../arm-none-eabi/lib/thumb/v7e-m+fp/hard\libc_nano.a(libc_a-findfp.o)
 .text.__sfp_lock_acquire
                0x08006a54        0xc C:/ST/STM32CubeIDE_2.1.0/STM32CubeIDE/plugins/com.st.stm32cube.ide.mcu.externaltools.gnu-tools-for-stm32.14.3.rel1.win32_1.0.100.202602081740/tools/bin/../lib/gcc/arm-none-eabi/14.3.1/../../../../arm-none-eabi/lib/thumb/v7e-m+fp/hard\libc_nano.a(libc_a-findfp.o)
                0x08006a54                __sfp_lock_acquire
 .text.__sfp_lock_release
                0x08006a60        0xc C:/ST/STM32CubeIDE_2.1.0/STM32CubeIDE/plugins/com.st.stm32cube.ide.mcu.externaltools.gnu-tools-for-stm32.14.3.rel1.win32_1.0.100.202602081740/tools/bin/../lib/gcc/arm-none-eabi/14.3.1/../../../../arm-none-eabi/lib/thumb/v7e-m+fp/hard\libc_nano.a(libc_a-findfp.o)
                0x08006a60                __sfp_lock_release
 .text.__sinit  0x08006a6c       0x30 C:/ST/STM32CubeIDE_2.1.0/STM32CubeIDE/plugins/com.st.stm32cube.ide.mcu.externaltools.gnu-tools-for-stm32.14.3.rel1.win32_1.0.100.202602081740/tools/bin/../lib/gcc/arm-none-eabi/14.3.1/../../../../arm-none-eabi/lib/thumb/v7e-m+fp/hard\libc_nano.a(libc_a-findfp.o)
                0x08006a6c                __sinit
 .text.fprintf  0x08006a9c       0x24 C:/ST/STM32CubeIDE_2.1.0/STM32CubeIDE/plugins/com.st.stm32cube.ide.mcu.externaltools.gnu-tools-for-stm32.14.3.rel1.win32_1.0.100.202602081740/tools/bin/../lib/gcc/arm-none-eabi/14.3.1/../../../../arm-none-eabi/lib/thumb/v7e-m+fp/hard\libc_nano.a(libc_a-fprintf.o)
                0x08006a9c                fiprintf
                0x08006a9c                fprintf
 .text._fwalk_sglue
                0x08006ac0       0x3c C:/ST/STM32CubeIDE_2.1.0/STM32CubeIDE/plugins/com.st.stm32cube.ide.mcu.externaltools.gnu-tools-for-stm32.14.3.rel1.win32_1.0.100.202602081740/tools/bin/../lib/gcc/arm-none-eabi/14.3.1/../../../../arm-none-eabi/lib/thumb/v7e-m+fp/hard\libc_nano.a(libc_a-fwalk.o)
                0x08006ac0                _fwalk_sglue
 .text.__sread  0x08006afc       0x22 C:/ST/STM32CubeIDE_2.1.0/STM32CubeIDE/plugins/com.st.stm32cube.ide.mcu.externaltools.gnu-tools-for-stm32.14.3.rel1.win32_1.0.100.202602081740/tools/bin/../lib/gcc/arm-none-eabi/14.3.1/../../../../arm-none-eabi/lib/thumb/v7e-m+fp/hard\libc_nano.a(libc_a-stdio.o)
                0x08006afc                __sread
 .text.__swrite
                0x08006b1e       0x38 C:/ST/STM32CubeIDE_2.1.0/STM32CubeIDE/plugins/com.st.stm32cube.ide.mcu.externaltools.gnu-tools-for-stm32.14.3.rel1.win32_1.0.100.202602081740/tools/bin/../lib/gcc/arm-none-eabi/14.3.1/../../../../arm-none-eabi/lib/thumb/v7e-m+fp/hard\libc_nano.a(libc_a-stdio.o)
                0x08006b1e                __swrite
 .text.__sseek  0x08006b56       0x26 C:/ST/STM32CubeIDE_2.1.0/STM32CubeIDE/plugins/com.st.stm32cube.ide.mcu.externaltools.gnu-tools-for-stm32.14.3.rel1.win32_1.0.100.202602081740/tools/bin/../lib/gcc/arm-none-eabi/14.3.1/../../../../arm-none-eabi/lib/thumb/v7e-m+fp/hard\libc_nano.a(libc_a-stdio.o)
                0x08006b56                __sseek
 .text.__sclose
                0x08006b7c        0x8 C:/ST/STM32CubeIDE_2.1.0/STM32CubeIDE/plugins/com.st.stm32cube.ide.mcu.externaltools.gnu-tools-for-stm32.14.3.rel1.win32_1.0.100.202602081740/tools/bin/../lib/gcc/arm-none-eabi/14.3.1/../../../../arm-none-eabi/lib/thumb/v7e-m+fp/hard\libc_nano.a(libc_a-stdio.o)
                0x08006b7c                __sclose
 .text.memset   0x08006b84       0x10 C:/ST/STM32CubeIDE_2.1.0/STM32CubeIDE/plugins/com.st.stm32cube.ide.mcu.externaltools.gnu-tools-for-stm32.14.3.rel1.win32_1.0.100.202602081740/tools/bin/../lib/gcc/arm-none-eabi/14.3.1/../../../../arm-none-eabi/lib/thumb/v7e-m+fp/hard\libc_nano.a(libc_a-memset.o)
                0x08006b84                memset
 .text._close_r
                0x08006b94       0x20 C:/ST/STM32CubeIDE_2.1.0/STM32CubeIDE/plugins/com.st.stm32cube.ide.mcu.externaltools.gnu-tools-for-stm32.14.3.rel1.win32_1.0.100.202602081740/tools/bin/../lib/gcc/arm-none-eabi/14.3.1/../../../../arm-none-eabi/lib/thumb/v7e-m+fp/hard\libc_nano.a(libc_a-closer.o)
                0x08006b94                _close_r
 .text._reclaim_reent
                0x08006bb4       0xbc C:/ST/STM32CubeIDE_2.1.0/STM32CubeIDE/plugins/com.st.stm32cube.ide.mcu.externaltools.gnu-tools-for-stm32.14.3.rel1.win32_1.0.100.202602081740/tools/bin/../lib/gcc/arm-none-eabi/14.3.1/../../../../arm-none-eabi/lib/thumb/v7e-m+fp/hard\libc_nano.a(libc_a-reent.o)
                0x08006bb4                _reclaim_reent
 .text._lseek_r
                0x08006c70       0x24 C:/ST/STM32CubeIDE_2.1.0/STM32CubeIDE/plugins/com.st.stm32cube.ide.mcu.externaltools.gnu-tools-for-stm32.14.3.rel1.win32_1.0.100.202602081740/tools/bin/../lib/gcc/arm-none-eabi/14.3.1/../../../../arm-none-eabi/lib/thumb/v7e-m+fp/hard\libc_nano.a(libc_a-lseekr.o)
                0x08006c70                _lseek_r
 .text._read_r  0x08006c94       0x24 C:/ST/STM32CubeIDE_2.1.0/STM32CubeIDE/plugins/com.st.stm32cube.ide.mcu.externaltools.gnu-tools-for-stm32.14.3.rel1.win32_1.0.100.202602081740/tools/bin/../lib/gcc/arm-none-eabi/14.3.1/../../../../arm-none-eabi/lib/thumb/v7e-m+fp/hard\libc_nano.a(libc_a-readr.o)
                0x08006c94                _read_r
 .text._sbrk_r  0x08006cb8       0x20 C:/ST/STM32CubeIDE_2.1.0/STM32CubeIDE/plugins/com.st.stm32cube.ide.mcu.externaltools.gnu-tools-for-stm32.14.3.rel1.win32_1.0.100.202602081740/tools/bin/../lib/gcc/arm-none-eabi/14.3.1/../../../../arm-none-eabi/lib/thumb/v7e-m+fp/hard\libc_nano.a(libc_a-sbrkr.o)
                0x08006cb8                _sbrk_r
 .text._write_r
                0x08006cd8       0x24 C:/ST/STM32CubeIDE_2.1.0/STM32CubeIDE/plugins/com.st.stm32cube.ide.mcu.externaltools.gnu-tools-for-stm32.14.3.rel1.win32_1.0.100.202602081740/tools/bin/../lib/gcc/arm-none-eabi/14.3.1/../../../../arm-none-eabi/lib/thumb/v7e-m+fp/hard\libc_nano.a(libc_a-writer.o)
                0x08006cd8                _write_r
 .text.__errno  0x08006cfc        0xc C:/ST/STM32CubeIDE_2.1.0/STM32CubeIDE/plugins/com.st.stm32cube.ide.mcu.externaltools.gnu-tools-for-stm32.14.3.rel1.win32_1.0.100.202602081740/tools/bin/../lib/gcc/arm-none-eabi/14.3.1/../../../../arm-none-eabi/lib/thumb/v7e-m+fp/hard\libc_nano.a(libc_a-errno.o)
                0x08006cfc                __errno
 .text.__libc_init_array
                0x08006d08       0x48 C:/ST/STM32CubeIDE_2.1.0/STM32CubeIDE/plugins/com.st.stm32cube.ide.mcu.externaltools.gnu-tools-for-stm32.14.3.rel1.win32_1.0.100.202602081740/tools/bin/../lib/gcc/arm-none-eabi/14.3.1/../../../../arm-none-eabi/lib/thumb/v7e-m+fp/hard\libc_nano.a(libc_a-init.o)
                0x08006d08                __libc_init_array
 .text.__retarget_lock_init_recursive
                0x08006d50        0x2 C:/ST/STM32CubeIDE_2.1.0/STM32CubeIDE/plugins/com.st.stm32cube.ide.mcu.externaltools.gnu-tools-for-stm32.14.3.rel1.win32_1.0.100.202602081740/tools/bin/../lib/gcc/arm-none-eabi/14.3.1/../../../../arm-none-eabi/lib/thumb/v7e-m+fp/hard\libc_nano.a(libc_a-lock.o)
                0x08006d50                __retarget_lock_init_recursive
 .text.__retarget_lock_acquire_recursive
                0x08006d52        0x2 C:/ST/STM32CubeIDE_2.1.0/STM32CubeIDE/plugins/com.st.stm32cube.ide.mcu.externaltools.gnu-tools-for-stm32.14.3.rel1.win32_1.0.100.202602081740/tools/bin/../lib/gcc/arm-none-eabi/14.3.1/../../../../arm-none-eabi/lib/thumb/v7e-m+fp/hard\libc_nano.a(libc_a-lock.o)
                0x08006d52                __retarget_lock_acquire_recursive
 .text.__retarget_lock_release_recursive
                0x08006d54        0x2 C:/ST/STM32CubeIDE_2.1.0/STM32CubeIDE/plugins/com.st.stm32cube.ide.mcu.externaltools.gnu-tools-for-stm32.14.3.rel1.win32_1.0.100.202602081740/tools/bin/../lib/gcc/arm-none-eabi/14.3.1/../../../../arm-none-eabi/lib/thumb/v7e-m+fp/hard\libc_nano.a(libc_a-lock.o)
                0x08006d54                __retarget_lock_release_recursive
 .text.memcpy   0x08006d56       0x1c C:/ST/STM32CubeIDE_2.1.0/STM32CubeIDE/plugins/com.st.stm32cube.ide.mcu.externaltools.gnu-tools-for-stm32.14.3.rel1.win32_1.0.100.202602081740/tools/bin/../lib/gcc/arm-none-eabi/14.3.1/../../../../arm-none-eabi/lib/thumb/v7e-m+fp/hard\libc_nano.a(libc_a-memcpy-stub.o)
                0x08006d56                memcpy
 *fill*         0x08006d72        0x2 
 .text.__register_exitproc
                0x08006d74       0xb4 C:/ST/STM32CubeIDE_2.1.0/STM32CubeIDE/plugins/com.st.stm32cube.ide.mcu.externaltools.gnu-tools-for-stm32.14.3.rel1.win32_1.0.100.202602081740/tools/bin/../lib/gcc/arm-none-eabi/14.3.1/../../../../arm-none-eabi/lib/thumb/v7e-m+fp/hard\libc_nano.a(libc_a-__atexit.o)
                0x08006d74                __register_exitproc
 .text.abort    0x08006e28        0xe C:/ST/STM32CubeIDE_2.1.0/STM32CubeIDE/plugins/com.st.stm32cube.ide.mcu.externaltools.gnu-tools-for-stm32.14.3.rel1.win32_1.0.100.202602081740/tools/bin/../lib/gcc/arm-none-eabi/14.3.1/../../../../arm-none-eabi/lib/thumb/v7e-m+fp/hard\libc_nano.a(libc_a-abort.o)
                0x08006e28                abort
 *fill*         0x08006e36        0x2 
 .text._free_r  0x08006e38       0x94 C:/ST/STM32CubeIDE_2.1.0/STM32CubeIDE/plugins/com.st.stm32cube.ide.mcu.externaltools.gnu-tools-for-stm32.14.3.rel1.win32_1.0.100.202602081740/tools/bin/../lib/gcc/arm-none-eabi/14.3.1/../../../../arm-none-eabi/lib/thumb/v7e-m+fp/hard\libc_nano.a(libc_a-freer.o)
                0x08006e38                _free_r
 .text.__sfputc_r
                0x08006ecc       0x2e C:/ST/STM32CubeIDE_2.1.0/STM32CubeIDE/plugins/com.st.stm32cube.ide.mcu.externaltools.gnu-tools-for-stm32.14.3.rel1.win32_1.0.100.202602081740/tools/bin/../lib/gcc/arm-none-eabi/14.3.1/../../../../arm-none-eabi/lib/thumb/v7e-m+fp/hard\libc_nano.a(libc_a-nano-vfprintf.o)
 .text.__sfputs_r
                0x08006efa       0x24 C:/ST/STM32CubeIDE_2.1.0/STM32CubeIDE/plugins/com.st.stm32cube.ide.mcu.externaltools.gnu-tools-for-stm32.14.3.rel1.win32_1.0.100.202602081740/tools/bin/../lib/gcc/arm-none-eabi/14.3.1/../../../../arm-none-eabi/lib/thumb/v7e-m+fp/hard\libc_nano.a(libc_a-nano-vfprintf.o)
                0x08006efa                __sfputs_r
 *fill*         0x08006f1e        0x2 
 .text._vfprintf_r
                0x08006f20      0x228 C:/ST/STM32CubeIDE_2.1.0/STM32CubeIDE/plugins/com.st.stm32cube.ide.mcu.externaltools.gnu-tools-for-stm32.14.3.rel1.win32_1.0.100.202602081740/tools/bin/../lib/gcc/arm-none-eabi/14.3.1/../../../../arm-none-eabi/lib/thumb/v7e-m+fp/hard\libc_nano.a(libc_a-nano-vfprintf.o)
                0x08006f20                _vfprintf_r
                0x08006f20                _vfiprintf_r
 .text._printf_common
                0x08007148       0xda C:/ST/STM32CubeIDE_2.1.0/STM32CubeIDE/plugins/com.st.stm32cube.ide.mcu.externaltools.gnu-tools-for-stm32.14.3.rel1.win32_1.0.100.202602081740/tools/bin/../lib/gcc/arm-none-eabi/14.3.1/../../../../arm-none-eabi/lib/thumb/v7e-m+fp/hard\libc_nano.a(libc_a-nano-vfprintf_i.o)
                0x08007148                _printf_common
 *fill*         0x08007222        0x2 
 .text._printf_i
                0x08007224      0x24c C:/ST/STM32CubeIDE_2.1.0/STM32CubeIDE/plugins/com.st.stm32cube.ide.mcu.externaltools.gnu-tools-for-stm32.14.3.rel1.win32_1.0.100.202602081740/tools/bin/../lib/gcc/arm-none-eabi/14.3.1/../../../../arm-none-eabi/lib/thumb/v7e-m+fp/hard\libc_nano.a(libc_a-nano-vfprintf_i.o)
                0x08007224                _printf_i
 .text.__sflush_r
                0x08007470      0x104 C:/ST/STM32CubeIDE_2.1.0/STM32CubeIDE/plugins/com.st.stm32cube.ide.mcu.externaltools.gnu-tools-for-stm32.14.3.rel1.win32_1.0.100.202602081740/tools/bin/../lib/gcc/arm-none-eabi/14.3.1/../../../../arm-none-eabi/lib/thumb/v7e-m+fp/hard\libc_nano.a(libc_a-fflush.o)
                0x08007470                __sflush_r
 .text._fflush_r
                0x08007574       0x50 C:/ST/STM32CubeIDE_2.1.0/STM32CubeIDE/plugins/com.st.stm32cube.ide.mcu.externaltools.gnu-tools-for-stm32.14.3.rel1.win32_1.0.100.202602081740/tools/bin/../lib/gcc/arm-none-eabi/14.3.1/../../../../arm-none-eabi/lib/thumb/v7e-m+fp/hard\libc_nano.a(libc_a-fflush.o)
                0x08007574                _fflush_r
 .text.__swbuf_r
                0x080075c4       0x7c C:/ST/STM32CubeIDE_2.1.0/STM32CubeIDE/plugins/com.st.stm32cube.ide.mcu.externaltools.gnu-tools-for-stm32.14.3.rel1.win32_1.0.100.202602081740/tools/bin/../lib/gcc/arm-none-eabi/14.3.1/../../../../arm-none-eabi/lib/thumb/v7e-m+fp/hard\libc_nano.a(libc_a-wbuf.o)
                0x080075c4                __swbuf_r
 .text.__swsetup_r
                0x08007640       0xa8 C:/ST/STM32CubeIDE_2.1.0/STM32CubeIDE/plugins/com.st.stm32cube.ide.mcu.externaltools.gnu-tools-for-stm32.14.3.rel1.win32_1.0.100.202602081740/tools/bin/../lib/gcc/arm-none-eabi/14.3.1/../../../../arm-none-eabi/lib/thumb/v7e-m+fp/hard\libc_nano.a(libc_a-wsetup.o)
                0x08007640                __swsetup_r
 .text._raise_r
                0x080076e8       0x50 C:/ST/STM32CubeIDE_2.1.0/STM32CubeIDE/plugins/com.st.stm32cube.ide.mcu.externaltools.gnu-tools-for-stm32.14.3.rel1.win32_1.0.100.202602081740/tools/bin/../lib/gcc/arm-none-eabi/14.3.1/../../../../arm-none-eabi/lib/thumb/v7e-m+fp/hard\libc_nano.a(libc_a-signal.o)
                0x080076e8                _raise_r
 .text.raise    0x08007738       0x10 C:/ST/STM32CubeIDE_2.1.0/STM32CubeIDE/plugins/com.st.stm32cube.ide.mcu.externaltools.gnu-tools-for-stm32.14.3.rel1.win32_1.0.100.202602081740/tools/bin/../lib/gcc/arm-none-eabi/14.3.1/../../../../arm-none-eabi/lib/thumb/v7e-m+fp/hard\libc_nano.a(libc_a-signal.o)
                0x08007738                raise
 .text._kill_r  0x08007748       0x24 C:/ST/STM32CubeIDE_2.1.0/STM32CubeIDE/plugins/com.st.stm32cube.ide.mcu.externaltools.gnu-tools-for-stm32.14.3.rel1.win32_1.0.100.202602081740/tools/bin/../lib/gcc/arm-none-eabi/14.3.1/../../../../arm-none-eabi/lib/thumb/v7e-m+fp/hard\libc_nano.a(libc_a-signalr.o)
                0x08007748                _kill_r
 .text._getpid_r
                0x0800776c        0x4 C:/ST/STM32CubeIDE_2.1.0/STM32CubeIDE/plugins/com.st.stm32cube.ide.mcu.externaltools.gnu-tools-for-stm32.14.3.rel1.win32_1.0.100.202602081740/tools/bin/../lib/gcc/arm-none-eabi/14.3.1/../../../../arm-none-eabi/lib/thumb/v7e-m+fp/hard\libc_nano.a(libc_a-signalr.o)
                0x0800776c                _getpid_r
 .text.__swhatbuf_r
                0x08007770       0x48 C:/ST/STM32CubeIDE_2.1.0/STM32CubeIDE/plugins/com.st.stm32cube.ide.mcu.externaltools.gnu-tools-for-stm32.14.3.rel1.win32_1.0.100.202602081740/tools/bin/../lib/gcc/arm-none-eabi/14.3.1/../../../../arm-none-eabi/lib/thumb/v7e-m+fp/hard\libc_nano.a(libc_a-makebuf.o)
                0x08007770                __swhatbuf_r
 .text.__smakebuf_r
                0x080077b8       0x72 C:/ST/STM32CubeIDE_2.1.0/STM32CubeIDE/plugins/com.st.stm32cube.ide.mcu.externaltools.gnu-tools-for-stm32.14.3.rel1.win32_1.0.100.202602081740/tools/bin/../lib/gcc/arm-none-eabi/14.3.1/../../../../arm-none-eabi/lib/thumb/v7e-m+fp/hard\libc_nano.a(libc_a-makebuf.o)
                0x080077b8                __smakebuf_r
 *fill*         0x0800782a        0x2 
 .text._fstat_r
                0x0800782c       0x24 C:/ST/STM32CubeIDE_2.1.0/STM32CubeIDE/plugins/com.st.stm32cube.ide.mcu.externaltools.gnu-tools-for-stm32.14.3.rel1.win32_1.0.100.202602081740/tools/bin/../lib/gcc/arm-none-eabi/14.3.1/../../../../arm-none-eabi/lib/thumb/v7e-m+fp/hard\libc_nano.a(libc_a-fstatr.o)
                0x0800782c                _fstat_r
 .text._isatty_r
                0x08007850       0x20 C:/ST/STM32CubeIDE_2.1.0/STM32CubeIDE/plugins/com.st.stm32cube.ide.mcu.externaltools.gnu-tools-for-stm32.14.3.rel1.win32_1.0.100.202602081740/tools/bin/../lib/gcc/arm-none-eabi/14.3.1/../../../../arm-none-eabi/lib/thumb/v7e-m+fp/hard\libc_nano.a(libc_a-isattyr.o)
                0x08007850                _isatty_r
 *(.glue_7)
 .glue_7        0x08007870        0x0 linker stubs
 *(.glue_7t)
 .glue_7t       0x08007870        0x0 linker stubs
 *(.eh_frame)
 .eh_frame      0x08007870        0x0 C:/ST/STM32CubeIDE_2.1.0/STM32CubeIDE/plugins/com.st.stm32cube.ide.mcu.externaltools.gnu-tools-for-stm32.14.3.rel1.win32_1.0.100.202602081740/tools/bin/../lib/gcc/arm-none-eabi/14.3.1/thumb/v7e-m+fp/hard/crtbegin.o
 *(.init)
 .init          0x08007870        0x4 C:/ST/STM32CubeIDE_2.1.0/STM32CubeIDE/plugins/com.st.stm32cube.ide.mcu.externaltools.gnu-tools-for-stm32.14.3.rel1.win32_1.0.100.202602081740/tools/bin/../lib/gcc/arm-none-eabi/14.3.1/thumb/v7e-m+fp/hard/crti.o
                0x08007870                _init
 .init          0x08007874        0x8 C:/ST/STM32CubeIDE_2.1.0/STM32CubeIDE/plugins/com.st.stm32cube.ide.mcu.externaltools.gnu-tools-for-stm32.14.3.rel1.win32_1.0.100.202602081740/tools/bin/../lib/gcc/arm-none-eabi/14.3.1/thumb/v7e-m+fp/hard/crtn.o
 *(.fini)
 .fini          0x0800787c        0x4 C:/ST/STM32CubeIDE_2.1.0/STM32CubeIDE/plugins/com.st.stm32cube.ide.mcu.externaltools.gnu-tools-for-stm32.14.3.rel1.win32_1.0.100.202602081740/tools/bin/../lib/gcc/arm-none-eabi/14.3.1/thumb/v7e-m+fp/hard/crti.o
                0x0800787c                _fini
 .fini          0x08007880        0x8 C:/ST/STM32CubeIDE_2.1.0/STM32CubeIDE/plugins/com.st.stm32cube.ide.mcu.externaltools.gnu-tools-for-stm32.14.3.rel1.win32_1.0.100.202602081740/tools/bin/../lib/gcc/arm-none-eabi/14.3.1/thumb/v7e-m+fp/hard/crtn.o
                0x08007888                        . = ALIGN (0x4)
                0x08007888                        _etext = .

.vfp11_veneer   0x08007888        0x0
 .vfp11_veneer  0x08007888        0x0 linker stubs

.v4_bx          0x08007888        0x0
 .v4_bx         0x08007888        0x0 linker stubs

.iplt           0x08007888        0x0
 .iplt          0x08007888        0x0 C:/ST/STM32CubeIDE_2.1.0/STM32CubeIDE/plugins/com.st.stm32cube.ide.mcu.externaltools.gnu-tools-for-stm32.14.3.rel1.win32_1.0.100.202602081740/tools/bin/../lib/gcc/arm-none-eabi/14.3.1/thumb/v7e-m+fp/hard/crtbegin.o

.rodata         0x08007888      0x4ac
                0x08007888                        . = ALIGN (0x4)
 *(.rodata)
 *(.rodata*)
 .rodata.str1.1
                0x08007888      0x297 ./Application/User/main.o
                                 0x38 (size before relaxing)
 *fill*         0x08007b1f        0x1 
 .rodata.Queue5_attributes
                0x08007b20       0x18 ./Application/User/main.o
                0x08007b20                Queue5_attributes
 .rodata.Queue4_attributes
                0x08007b38       0x18 ./Application/User/main.o
                0x08007b38                Queue4_attributes
 .rodata.Queue3_attributes
                0x08007b50       0x18 ./Application/User/main.o
                0x08007b50                Queue3_attributes
 .rodata.Queue2_attributes
                0x08007b68       0x18 ./Application/User/main.o
                0x08007b68                Queue2_attributes
 .rodata.Queue1_attributes
                0x08007b80       0x18 ./Application/User/main.o
                0x08007b80                Queue1_attributes
 .rodata.GUI_Task_attributes
                0x08007b98       0x24 ./Application/User/main.o
                0x08007b98                GUI_Task_attributes
 .rodata.defaultTask_attributes
                0x08007bbc       0x24 ./Application/User/main.o
                0x08007bbc                defaultTask_attributes
 .rodata._ZTVN8touchgfx13GeneratedFontE
                0x08007be0       0x68 ./Application/User/generated/GeneratedFont.o
                0x08007be0                vtable for touchgfx::GeneratedFont
 .rodata._ZN8touchgfx12TextProvider15getNextLigatureEh.str1.1
                0x08007c48      0x1de ./Application/User/generated/Texts.o
 .rodata._ZTV6Bullet
                0x08007c48       0x14 ./Application/User/src/Bullet.o
                0x08007c48                vtable for Bullet
 .rodata._ZTV5Enemy
                0x08007c5c       0x14 ./Application/User/src/Enemy.o
                0x08007c5c                vtable for Enemy
 .rodata._ZTV6Entity
                0x08007c70       0x14 ./Application/User/src/Entity.o
                0x08007c70                vtable for Entity
 .rodata._ZTV4Game
                0x08007c84       0x10 ./Application/User/src/Game.o
                0x08007c84                vtable for Game
 .rodata._ZTV4Ship
                0x08007c94       0x14 ./Application/User/src/Ship.o
                0x08007c94                vtable for Ship
 .rodata.APBPrescTable
                0x08007ca8        0x8 ./Drivers/CMSIS/system_stm32f4xx.o
                0x08007ca8                APBPrescTable
 .rodata.AHBPrescTable
                0x08007cb0       0x10 ./Drivers/CMSIS/system_stm32f4xx.o
                0x08007cb0                AHBPrescTable
 .rodata.CSWTCH.1
                0x08007cc0        0x8 ./Drivers/STM32F4xx_HAL_Driver/stm32f4xx_hal_ltdc.o
 .rodata.vTaskStartScheduler.str1.1
                0x08007cc8        0x5 ./Middlewares/FreeRTOS/tasks.o
 .rodata.prvCheckForValidListAndQueue.str1.1
                0x08007cc8        0x5 ./Middlewares/FreeRTOS/timers.o
 .rodata.xTimerCreateTimerTask.str1.1
                0x08007cc8        0x8 ./Middlewares/FreeRTOS/timers.o
 .rodata._ZTVN8touchgfx9ConstFontE
                0x08007cc8       0x68 ../../Middlewares/ST/touchgfx/lib/core/cortex_m4f/gcc\libtouchgfx-float-abi-hard.a(ConstFont.o)
                0x08007cc8                vtable for touchgfx::ConstFont
 .rodata.__assert_func.str1.1
                0x08007d30       0x3d C:/ST/STM32CubeIDE_2.1.0/STM32CubeIDE/plugins/com.st.stm32cube.ide.mcu.externaltools.gnu-tools-for-stm32.14.3.rel1.win32_1.0.100.202602081740/tools/bin/../lib/gcc/arm-none-eabi/14.3.1/../../../../arm-none-eabi/lib/thumb/v7e-m+fp/hard\libc_nano.a(libc_a-assert.o)
 .rodata.__on_exit_args
                0x08007d30        0x4 C:/ST/STM32CubeIDE_2.1.0/STM32CubeIDE/plugins/com.st.stm32cube.ide.mcu.externaltools.gnu-tools-for-stm32.14.3.rel1.win32_1.0.100.202602081740/tools/bin/../lib/gcc/arm-none-eabi/14.3.1/../../../../arm-none-eabi/lib/thumb/v7e-m+fp/hard\libc_nano.a(libc_a-on_exit_args.o)
                0x08007d30                __on_exit_args
 .rodata._vfprintf_r.str1.1
                0x08007d34       0x11 C:/ST/STM32CubeIDE_2.1.0/STM32CubeIDE/plugins/com.st.stm32cube.ide.mcu.externaltools.gnu-tools-for-stm32.14.3.rel1.win32_1.0.100.202602081740/tools/bin/../lib/gcc/arm-none-eabi/14.3.1/../../../../arm-none-eabi/lib/thumb/v7e-m+fp/hard\libc_nano.a(libc_a-nano-vfprintf.o)
 .rodata._printf_i.str1.1
                0x08007d34       0x22 C:/ST/STM32CubeIDE_2.1.0/STM32CubeIDE/plugins/com.st.stm32cube.ide.mcu.externaltools.gnu-tools-for-stm32.14.3.rel1.win32_1.0.100.202602081740/tools/bin/../lib/gcc/arm-none-eabi/14.3.1/../../../../arm-none-eabi/lib/thumb/v7e-m+fp/hard\libc_nano.a(libc_a-nano-vfprintf_i.o)
                0x08007e28                        . = ALIGN (0x4)

FontFlashSection
                0x08007d34      0xf5a
 FontFlashSection
                0x08007d34       0x18 ./Application/User/generated/Font_verdana_10_4bpp_0.o
                0x08007d34                unicodes_verdana_10_4bpp_0
 FontFlashSection
                0x08007d4c      0xc8e ./Application/User/generated/Font_verdana_24_4bpp_0.o
                0x08007d4c                unicodes_verdana_24_4bpp_0
 *fill*         0x080089da        0x2 
 FontFlashSection