D:/HeNhungGame/space_invader_VEmb-main/space_invader_VEmb-main/Core/Src/main.c:1071:13:SPI5_Write	16	static
D:/HeNhungGame/space_invader_VEmb-main/space_invader_VEmb-main/Core/Src/main.c:173:10:ReadJoystickX	16	static
D:/HeNhungGame/space_invader_VEmb-main/space_invader_VEmb-main/Core/Src/main.c:181:10:ReadJoystickY	16	static
D:/HeNhungGame/space_invader_VEmb-main/space_invader_VEmb-main/Core/Src/main.c:1174:6:StartDefaultTask	32	static
D:/HeNhungGame/space_invader_VEmb-main/space_invader_VEmb-main/Core/Src/main.c:313:6:SystemClock_Config	96	static
D:/HeNhungGame/space_invader_VEmb-main/space_invader_VEmb-main/Core/Src/main.c:203:5:main	120	static
D:/HeNhungGame/space_invader_VEmb-main/space_invader_VEmb-main/Core/Src/main.c:927:6:IOE_Init	0	static
D:/HeNhungGame/space_invader_VEmb-main/space_invader_VEmb-main/Core/Src/main.c:935:6:IOE_ITConfig	0	static
D:/HeNhungGame/space_invader_VEmb-main/space_invader_VEmb-main/Core/Src/main.c:946:6:IOE_Write	32	static
D:/HeNhungGame/space_invader_VEmb-main/space_invader_VEmb-main/Core/Src/main.c:956:9:IOE_Read	32	static
D:/HeNhungGame/space_invader_VEmb-main/space_invader_VEmb-main/Core/Src/main.c:968:10:IOE_ReadMultiple	24	static
D:/HeNhungGame/space_invader_VEmb-main/space_invader_VEmb-main/Core/Src/main.c:977:6:IOE_Delay	0	static
D:/HeNhungGame/space_invader_VEmb-main/space_invader_VEmb-main/Core/Src/main.c:1093:6:LCD_IO_Init	8	static
D:/HeNhungGame/space_invader_VEmb-main/space_invader_VEmb-main/Core/Src/main.c:1102:6:LCD_IO_WriteData	16	static
D:/HeNhungGame/space_invader_VEmb-main/space_invader_VEmb-main/Core/Src/main.c:1117:6:LCD_IO_WriteReg	16	static
D:/HeNhungGame/space_invader_VEmb-main/space_invader_VEmb-main/Core/Src/main.c:1135:10:LCD_IO_ReadData	32	static
D:/HeNhungGame/space_invader_VEmb-main/space_invader_VEmb-main/Core/Src/main.c:1161:6:LCD_Delay	0	static
D:/HeNhungGame/space_invader_VEmb-main/space_invader_VEmb-main/Core/Src/main.c:1224:6:HAL_TIM_PeriodElapsedCallback	0	static
D:/HeNhungGame/space_invader_VEmb-main/space_invader_VEmb-main/Core/Src/main.c:1242:6:Error_Handler	0	static
