D:/HeNhungGame/space_invader_VEmb-main/space_invader_VEmb-main/Core/Src/main.c:1071:13:SPI5_Write	1
D:/HeNhungGame/space_invader_VEmb-main/space_invader_VEmb-main/Core/Src/main.c:173:10:ReadJoystickX	1
D:/HeNhungGame/space_invader_VEmb-main/space_invader_VEmb-main/Core/Src/main.c:181:10:ReadJoystickY	1
D:/HeNhungGame/space_invader_VEmb-main/space_invader_VEmb-main/Core/Src/main.c:1174:6:StartDefaultTask	5
D:/HeNhungGame/space_invader_VEmb-main/space_invader_VEmb-main/Core/Src/main.c:313:6:SystemClock_Config	1
D:/HeNhungGame/space_invader_VEmb-main/space_invader_VEmb-main/Core/Src/main.c:203:5:main	2
D:/HeNhungGame/space_invader_VEmb-main/space_invader_VEmb-main/Core/Src/main.c:927:6:IOE_Init	1
D:/HeNhungGame/space_invader_VEmb-main/space_invader_VEmb-main/Core/Src/main.c:935:6:IOE_ITConfig	1
D:/HeNhungGame/space_invader_VEmb-main/space_invader_VEmb-main/Core/Src/main.c:946:6:IOE_Write	1
D:/HeNhungGame/space_invader_VEmb-main/space_invader_VEmb-main/Core/Src/main.c:956:9:IOE_Read	1
D:/HeNhungGame/space_invader_VEmb-main/space_invader_VEmb-main/Core/Src/main.c:968:10:IOE_ReadMultiple	1
D:/HeNhungGame/space_invader_VEmb-main/space_invader_VEmb-main/Core/Src/main.c:977:6:IOE_Delay	1
D:/HeNhungGame/space_invader_VEmb-main/space_invader_VEmb-main/Core/Src/main.c:1093:6:LCD_IO_Init	1
D:/HeNhungGame/space_invader_VEmb-main/space_invader_VEmb-main/Core/Src/main.c:1102:6:LCD_IO_WriteData	1
D:/HeNhungGame/space_invader_VEmb-main/space_invader_VEmb-main/Core/Src/main.c:1117:6:LCD_IO_WriteReg	1
D:/HeNhungGame/space_invader_VEmb-main/space_invader_VEmb-main/Core/Src/main.c:1135:10:LCD_IO_ReadData	1
D:/HeNhungGame/space_invader_VEmb-main/space_invader_VEmb-main/Core/Src/main.c:1161:6:LCD_Delay	1
D:/HeNhungGame/space_invader_VEmb-main/space_invader_VEmb-main/Core/Src/main.c:1224:6:HAL_TIM_PeriodElapsedCallback	2
D:/HeNhungGame/space_invader_VEmb-main/space_invader_VEmb-main/Core/Src/main.c:1242:6:Error_Handler	1
