D:/HeNhungGame/space_invader_VEmb-main/space_invader_VEmb-main/Core/Src/stm32f4xx_hal_msp.c:63:6:HAL_MspInit	8	static
D:/HeNhungGame/space_invader_VEmb-main/space_invader_VEmb-main/Core/Src/stm32f4xx_hal_msp.c:88:6:HAL_ADC_MspInit	48	static
D:/HeNhungGame/space_invader_VEmb-main/space_invader_VEmb-main/Core/Src/stm32f4xx_hal_msp.c:142:6:HAL_ADC_MspDeInit	0	static
D:/HeNhungGame/space_invader_VEmb-main/space_invader_VEmb-main/Core/Src/stm32f4xx_hal_msp.c:187:6:HAL_CRC_MspInit	8	static
D:/HeNhungGame/space_invader_VEmb-main/space_invader_VEmb-main/Core/Src/stm32f4xx_hal_msp.c:210:6:HAL_CRC_MspDeInit	0	static
D:/HeNhungGame/space_invader_VEmb-main/space_invader_VEmb-main/Core/Src/stm32f4xx_hal_msp.c:232:6:HAL_DMA2D_MspInit	16	static
D:/HeNhungGame/space_invader_VEmb-main/space_invader_VEmb-main/Core/Src/stm32f4xx_hal_msp.c:258:6:HAL_DMA2D_MspDeInit	0	static
D:/HeNhungGame/space_invader_VEmb-main/space_invader_VEmb-main/Core/Src/stm32f4xx_hal_msp.c:283:6:HAL_I2C_MspInit	64	static
D:/HeNhungGame/space_invader_VEmb-main/space_invader_VEmb-main/Core/Src/stm32f4xx_hal_msp.c:332:6:HAL_I2C_MspDeInit	8	static
D:/HeNhungGame/space_invader_VEmb-main/space_invader_VEmb-main/Core/Src/stm32f4xx_hal_msp.c:363:6:HAL_LTDC_MspInit	120	static
D:/HeNhungGame/space_invader_VEmb-main/space_invader_VEmb-main/Core/Src/stm32f4xx_hal_msp.c:489:6:HAL_LTDC_MspDeInit	8	static
D:/HeNhungGame/space_invader_VEmb-main/space_invader_VEmb-main/Core/Src/stm32f4xx_hal_msp.c:551:6:HAL_RNG_MspInit	8	static
D:/HeNhungGame/space_invader_VEmb-main/space_invader_VEmb-main/Core/Src/stm32f4xx_hal_msp.c:574:6:HAL_RNG_MspDeInit	0	static
D:/HeNhungGame/space_invader_VEmb-main/space_invader_VEmb-main/Core/Src/stm32f4xx_hal_msp.c:596:6:HAL_SPI_MspInit	40	static
D:/HeNhungGame/space_invader_VEmb-main/space_invader_VEmb-main/Core/Src/stm32f4xx_hal_msp.c:634:6:HAL_SPI_MspDeInit	0	static
D:/HeNhungGame/space_invader_VEmb-main/space_invader_VEmb-main/Core/Src/stm32f4xx_hal_msp.c:766:6:HAL_SDRAM_MspInit	48	static
D:/HeNhungGame/space_invader_VEmb-main/space_invader_VEmb-main/Core/Src/stm32f4xx_hal_msp.c:852:6:HAL_SDRAM_MspDeInit	8	static
